******************************************************************************
                  TI ARM Linker PC v20.2.7                     
******************************************************************************
>> Linked Thu Feb 15 12:01:26 2024

OUTPUT FILE NAME:   <Lab3.out>
ENTRY POINT SYMBOL: "_c_int00_noargs"  address: 00002f0d


MEMORY CONFIGURATION

         name            origin    length      used     unused   attr    fill
----------------------  --------  ---------  --------  --------  ----  --------
  FLASH                 00000000   00040000  00003231  0003cdcf  R  X
  SRAM                  20000000   00008000  0000231e  00005ce2  RW X


SEGMENT ALLOCATION MAP

run origin  load origin   length   init length attrs members
----------  ----------- ---------- ----------- ----- -------
00000000    00000000    00003238   00003238    r-x
  00000000    00000000    0000026c   0000026c    r-- .intvecs
  0000026c    0000026c    00002e7c   00002e7c    r-x .text
  000030e8    000030e8    00000109   00000109    r-- .const
  000031f8    000031f8    00000040   00000040    r-- .cinit
20000000    20000000    00002325   00000000    rw-
  20000000    20000000    0000026c   00000000    rw- .vtable
  20000270    20000270    00001000   00000000    rw- .stack
  20001270    20001270    00001000   00000000    rw- .sysmem
  20002270    20002270    000000a5   00000000    rw- .bss
  20002318    20002318    0000000d   00000000    rw- .data


SECTION ALLOCATION MAP

 output                                  attributes/
section   page    origin      length       input sections
--------  ----  ----------  ----------   ----------------
.intvecs   0    00000000    0000026c     
                  00000000    0000026c     tm4c123gh6pm_startup_ccs.obj (.intvecs)

.text      0    0000026c    00002e7c     
                  0000026c    00000a4e     rtsv7M4_T_le_v4SPD16_eabi.lib : _printfi.c.obj (.text:__TI_printfi)
                  00000cba    00000002                                   : div0.asm.obj (.text)
                  00000cbc    00000328     lcd.obj (.text)
                  00000fe4    00000270     rtsv7M4_T_le_v4SPD16_eabi.lib : _printfi.c.obj (.text:_pconv_a)
                  00001254    00000260     libcybotScan.lib : cyBot_Scan.obj (.text)
                  000014b4    00000248     Timer.obj (.text)
                  000016fc    000001ec     libcybotScan.lib : ping.obj (.text)
                  000018e8    000001d0     rtsv7M4_T_le_v4SPD16_eabi.lib : _printfi.c.obj (.text:_pconv_g)
                  00001ab8    000001b6                                   : fd_add_t2.asm.obj (.text)
                  00001c6e    00000002     --HOLE-- [fill = 0]
                  00001c70    00000188     main.obj (.text)
                  00001df8    0000015c     libcybotUART.lib : uart.obj (.text)
                  00001f54    00000158     libcybotScan.lib : servo.obj (.text)
                  000020ac    0000013c     rtsv7M4_T_le_v4SPD16_eabi.lib : _printfi.c.obj (.text:_pconv_e)
                  000021e8    00000136                                   : fd_div_t2.asm.obj (.text)
                  0000231e    00000002     --HOLE-- [fill = 0]
                  00002320    00000124                                   : _printfi.c.obj (.text:fcvt)
                  00002444    00000118     libcybotScan.lib : ir.obj (.text)
                  0000255c    00000110     rtsv7M4_T_le_v4SPD16_eabi.lib : s_scalbn.c.obj (.text:scalbn)
                  0000266c    000000fc                                   : fd_mul_t2.asm.obj (.text)
                  00002768    000000b1                                   : _printfi.c.obj (.text:_ltostr)
                  00002819    00000001     --HOLE-- [fill = 0]
                  0000281a    0000009c                                   : memcpy_t2.asm.obj (.text)
                  000028b6    00000096                                   : ull_div_t2.asm.obj (.text)
                  0000294c    00000086                                   : fd_cmp_t2.asm.obj (.text:__aeabi_cdcmple)
                  000029d2    00000086                                   : fd_cmp_t2.asm.obj (.text:__aeabi_cdrcmple)
                  00002a58    0000007a                                   : memset_t2.asm.obj (.text)
                  00002ad2    0000006e                                   : _printfi.c.obj (.text:_mcpy)
                  00002b40    00000068                                   : copy_decompress_lzss.c.obj (.text:decompress:lzss:__TI_decompress_lzss)
                  00002ba8    00000064                                   : s_frexp.c.obj (.text:frexp)
                  00002c0c    00000056                                   : _printfi.c.obj (.text:_pconv_f)
                  00002c62    00000054                                   : _ltoa.c.obj (.text:__TI_ltoa)
                  00002cb6    00000052                                   : _printfi.c.obj (.text:_ecpy)
                  00002d08    0000004c                                   : atoi.c.obj (.text:atoi)
                  00002d54    00000048                                   : fd_toi_t2.asm.obj (.text)
                  00002d9c    00000044                                   : autoinit.c.obj (.text:__TI_auto_init_nobinit_nopinit:__TI_auto_init_nobinit_nopinit)
                  00002de0    00000040                                   : sprintf.c.obj (.text:sprintf)
                  00002e20    00000040                                   : vsnprintf.c.obj (.text:vsnprintf)
                  00002e60    0000003e                                   : _printfi.c.obj (.text:_fcpy)
                  00002e9e    00000038                                   : fs_tod_t2.asm.obj (.text)
                  00002ed6    00000002     --HOLE-- [fill = 0]
                  00002ed8    00000034     driverlib.lib : interrupt.obj (.text:IntRegister)
                  00002f0c    00000034     rtsv7M4_T_le_v4SPD16_eabi.lib : boot_cortex_m.c.obj (.text:_c_int00_noargs:_c_int00_noargs)
                  00002f40    00000030                                   : vsnprintf.c.obj (.text:_outs)
                  00002f70    0000002e                                   : i_tofd_t2.asm.obj (.text)
                  00002f9e    0000001c                                   : copy_zero_init.c.obj (.text:decompress:ZI:__TI_zero_init_nomemset:__TI_zero_init_nomemset)
                  00002fba    0000001c                                   : memccpy.c.obj (.text:memccpy)
                  00002fd6    0000001a                                   : s_copysign.c.obj (.text:copysign)
                  00002ff0    00000018                                   : vsnprintf.c.obj (.text:_outc)
                  00003008    00000018                                   : sprintf.c.obj (.text:_outs)
                  00003020    00000018                                   : strcmp.c.obj (.text:strcmp)
                  00003038    00000016                                   : strchr.c.obj (.text:strchr)
                  0000304e    00000014                                   : strcpy.c.obj (.text:strcpy)
                  00003062    00000014                                   : strlen.c.obj (.text:strlen)
                  00003076    00000012                                   : wcslen.c.obj (.text:wcslen)
                  00003088    00000010     driverlib.lib : interrupt.obj (.text:IntMasterEnable)
                  00003098    00000010     lcd.obj (.text:lcd_clear)
                  000030a8    0000000e     rtsv7M4_T_le_v4SPD16_eabi.lib : copy_decompress_none.c.obj (.text:decompress:none:__TI_decompress_none)
                  000030b6    0000000c     driverlib.lib : cpu.obj (.text:CPUcpsie)
                  000030c2    0000000c     tm4c123gh6pm_startup_ccs.obj (.text)
                  000030ce    0000000a     rtsv7M4_T_le_v4SPD16_eabi.lib : sprintf.c.obj (.text:_outc)
                  000030d8    00000008                                   : errno.c.obj (.text:__aeabi_errno_addr)
                  000030e0    00000004                                   : pre_init.c.obj (.text:_system_pre_init)
                  000030e4    00000004                                   : exit.c.obj (.text:abort:abort)

.const     0    000030e8    00000109     
                  000030e8    00000101     rtsv7M4_T_le_v4SPD16_eabi.lib : ctype.c.obj (.const:.string:_ctypes_)
                  000031e9    00000004     lcd.obj (.const:.string:lineAddress$1)
                  000031ed    00000004     lcd.obj (.const:.string:lineAddresses$2)

.cinit     0    000031f8    00000040     
                  000031f8    0000000c     (__TI_handler_table)
                  00003204    00000004     --HOLE-- [fill = 0]
                  00003208    00000008     (.cinit..bss.load) [load image, compression = zero_init]
                  00003210    00000008     (.cinit..vtable.load) [load image, compression = zero_init]
                  00003218    00000007     (.cinit..data.load) [load image, compression = lzss]
                  0000321f    00000001     --HOLE-- [fill = 0]
                  00003220    00000018     (__TI_cinit_table)

.init_array 
*          0    00000000    00000000     UNINITIALIZED

.vtable    0    20000000    0000026c     UNINITIALIZED
                  20000000    0000026c     driverlib.lib : interrupt.obj (.vtable)

.stack     0    20000270    00001000     UNINITIALIZED
                  20000270    00000004     rtsv7M4_T_le_v4SPD16_eabi.lib : boot_cortex_m.c.obj (.stack)
                  20000274    00000ffc     --HOLE--

.sysmem    0    20001270    00001000     UNINITIALIZED
                  20001270    00000010     rtsv7M4_T_le_v4SPD16_eabi.lib : memory.c.obj (.sysmem)
                  20001280    00000ff0     --HOLE--

.bss       0    20002270    000000a5     UNINITIALIZED
                  20002270    00000054     lcd.obj (.bss:lastbuffer$3)
                  200022c4    00000034     (.common:isr_char_buffer)
                  200022f8    00000004     (.common:_timeout_ticks)
                  200022fc    00000004     (.common:fallingEdge)
                  20002300    00000004     (.common:isr_int_value)
                  20002304    00000004     (.common:left_calibration_value)
                  20002308    00000004     (.common:pulseLength)
                  2000230c    00000004     (.common:right_calibration_value)
                  20002310    00000004     (.common:risingEdge)
                  20002314    00000001     (.common:isRisingEdge)

.data      0    20002318    0000000d     UNINITIALIZED
                  20002318    00000004     libcybotScan.lib : cyBot_Scan.obj (.data)
                  2000231c    00000004     libcybotUART.lib : uart.obj (.data)
                  20002320    00000004     rtsv7M4_T_le_v4SPD16_eabi.lib : errno.c.obj (.data)
                  20002324    00000001     Timer.obj (.data)

__llvm_prf_cnts 
*          0    20000000    00000000     UNINITIALIZED

MODULE SUMMARY

       Module                         code    ro data   rw data
       ------                         ----    -------   -------
    .\
       lcd.obj                        824     8         84     
       tm4c123gh6pm_startup_ccs.obj   12      620       0      
       Timer.obj                      584     0         5      
       main.obj                       392     0         8      
    +--+------------------------------+-------+---------+---------+
       Total:                         1812    628       97     
                                                               
    ../libcybotScan.lib
       cyBot_Scan.obj                 608     0         4      
       ping.obj                       492     0         13     
       servo.obj                      344     0         0      
       ir.obj                         280     0         4      
    +--+------------------------------+-------+---------+---------+
       Total:                         1724    0         21     
                                                               
    ../libcybotUART.lib
       uart.obj                       348     0         56     
    +--+------------------------------+-------+---------+---------+
       Total:                         348     0         56     
                                                               
    C:/ti/TivaWare_C_Series-2.2.0.295/driverlib/ccs/Debug/driverlib.lib
       interrupt.obj                  68      0         620    
       cpu.obj                        12      0         0      
    +--+------------------------------+-------+---------+---------+
       Total:                         80      0         620    
                                                               
    C:\ti\ccs1230\ccs\tools\compiler\ti-cgt-arm_20.2.7.LTS\lib\rtsv7M4_T_le_v4SPD16_eabi.lib
       _printfi.c.obj                 4851    0         0      
       fd_add_t2.asm.obj              438     0         0      
       fd_div_t2.asm.obj              310     0         0      
       s_scalbn.c.obj                 272     0         0      
       fd_cmp_t2.asm.obj              268     0         0      
       ctype.c.obj                    0       257       0      
       fd_mul_t2.asm.obj              252     0         0      
       memcpy_t2.asm.obj              156     0         0      
       ull_div_t2.asm.obj             150     0         0      
       vsnprintf.c.obj                136     0         0      
       memset_t2.asm.obj              122     0         0      
       copy_decompress_lzss.c.obj     104     0         0      
       s_frexp.c.obj                  100     0         0      
       sprintf.c.obj                  98      0         0      
       _ltoa.c.obj                    84      0         0      
       atoi.c.obj                     76      0         0      
       fd_toi_t2.asm.obj              72      0         0      
       autoinit.c.obj                 68      0         0      
       fs_tod_t2.asm.obj              56      0         0      
       boot_cortex_m.c.obj            52      0         0      
       i_tofd_t2.asm.obj              46      0         0      
       copy_zero_init.c.obj           28      0         0      
       memccpy.c.obj                  28      0         0      
       s_copysign.c.obj               26      0         0      
       strcmp.c.obj                   24      0         0      
       strchr.c.obj                   22      0         0      
       strcpy.c.obj                   20      0         0      
       strlen.c.obj                   20      0         0      
       wcslen.c.obj                   18      0         0      
       copy_decompress_none.c.obj     14      0         0      
       errno.c.obj                    8       0         4      
       exit.c.obj                     4       0         0      
       pre_init.c.obj                 4       0         0      
       div0.asm.obj                   2       0         0      
    +--+------------------------------+-------+---------+---------+
       Total:                         7929    257       4      
                                                               
       Heap:                          0       0         4096   
       Stack:                         0       0         4096   
       Linker Generated:              0       59        0      
    +--+------------------------------+-------+---------+---------+
       Grand Total:                   11893   944       8990   


LINKER GENERATED COPY TABLES

__TI_cinit_table @ 00003220 records: 3, size/record: 8, table size: 24
	.bss: load addr=00003208, load size=00000008 bytes, run addr=20002270, run size=000000a5 bytes, compression=zero_init
	.vtable: load addr=00003210, load size=00000008 bytes, run addr=20000000, run size=0000026c bytes, compression=zero_init
	.data: load addr=00003218, load size=00000007 bytes, run addr=20002318, run size=0000000d bytes, compression=lzss


LINKER GENERATED HANDLER TABLE

__TI_handler_table @ 000031f8 records: 3, size/record: 4, table size: 12
	index: 0, handler: __TI_zero_init
	index: 1, handler: __TI_decompress_lzss
	index: 2, handler: __TI_decompress_none


GLOBAL SYMBOLS: SORTED ALPHABETICALLY BY Name 

address   name                          
-------   ----                          
000024dd  ADC0SS0_Handler               
000030e5  C$$EXIT                       
000030b7  CPUcpsie                      
00003089  IntMasterEnable               
00002ed9  IntRegister                   
000030c3  ResetISR                      
000017ed  TIMER3B_Handler               
20001270  __STACK_END                   
00001000  __STACK_SIZE                  
20000470  __STACK_TOP                   
00001000  __SYSMEM_SIZE                 
00003220  __TI_CINIT_Base               
00003238  __TI_CINIT_Limit              
000031f8  __TI_Handler_Table_Base       
00003204  __TI_Handler_Table_Limit      
00002d9d  __TI_auto_init_nobinit_nopinit
00002b41  __TI_decompress_lzss          
000030a9  __TI_decompress_none          
00002c63  __TI_ltoa                     
ffffffff  __TI_pprof_out_hndl           
0000026d  __TI_printfi                  
ffffffff  __TI_prof_data_size           
ffffffff  __TI_prof_data_start          
00000000  __TI_static_base__            
00002f9f  __TI_zero_init_nomemset       
0000294d  __aeabi_cdcmpeq               
0000294d  __aeabi_cdcmple               
000029d3  __aeabi_cdrcmple              
00002d55  __aeabi_d2iz                  
00001ac3  __aeabi_dadd                  
000021e9  __aeabi_ddiv                  
0000266d  __aeabi_dmul                  
00001ab9  __aeabi_dsub                  
000030d9  __aeabi_errno_addr            
00002e9f  __aeabi_f2d                   
00002f71  __aeabi_i2d                   
00000cbb  __aeabi_idiv0                 
00000cbb  __aeabi_ldiv0                 
00002a59  __aeabi_memclr                
00002a59  __aeabi_memclr4               
00002a59  __aeabi_memclr8               
0000281b  __aeabi_memcpy                
0000281b  __aeabi_memcpy4               
0000281b  __aeabi_memcpy8               
00002a5b  __aeabi_memset                
00002a5b  __aeabi_memset4               
00002a5b  __aeabi_memset8               
000028b7  __aeabi_uldivmod              
ffffffff  __binit__                     
ffffffff  __c_args__                    
UNDEFED   __mpu_init                    
20000270  __stack                       
20000000  __start___llvm_prf_cnts       
20000000  __stop___llvm_prf_cnts        
00002f0d  _c_int00_noargs               
000030e8  _ctypes_                      
20002324  _running                      
20001270  _sys_memory                   
UNDEFED   _system_post_cinit            
000030e1  _system_pre_init              
200022f8  _timeout_ticks                
000030e5  abort                         
00002d09  atoi                          
ffffffff  binit                         
00002fd7  copysign                      
00002fd7  copysignl                     
0000132d  cyBOT_SERVO_cal               
000012bb  cyBOT_Scan                    
00001263  cyBOT_init_Scan               
20002318  cyBOT_scan_features           
00001255  cyBOT_scan_version            
00001f01  cyBot_UART1_Handler           
00001ee7  cyBot_getByte                 
00001df9  cyBot_sendByte                
00001ec9  cyBot_uart_flush              
00001e37  cyBot_uart_init               
00001e1f  cyBot_uart_sendBuffer         
00001e05  cyBot_uart_sendStr            
20002320  errno                         
200022fc  fallingEdge                   
00002ba9  frexp                         
00002ba9  frexpl                        
20000000  g_pfnRAMVectors               
00000000  g_pfnVectors                  
000024f3  ir_enableInterrupt            
000024d5  ir_getDistance                
000024ad  ir_getValue                   
00002445  ir_init                       
20002314  isRisingEdge                  
200022c4  isr_char_buffer               
2000231c  isr_counter                   
20002300  isr_int_value                 
00003099  lcd_clear                     
00000e91  lcd_gotoLine                  
00000cf9  lcd_init                      
00000ef7  lcd_printf                    
00000db9  lcd_putc                      
00000df1  lcd_puts                      
00000cbd  lcd_reverseNibble             
00000e0f  lcd_sendCommand               
00000e4d  lcd_sendNibble                
00000eb9  lcd_setCursorPos              
0000255d  ldexp                         
0000255d  ldexpl                        
20002304  left_calibration_value        
00001c99  main                          
00002fbb  memccpy                       
0000281b  memcpy                        
00002a61  memset                        
0000183f  ping_getDistance              
000016fd  ping_init                     
00001783  ping_trigger                  
20002308  pulseLength                   
2000230c  right_calibration_value       
20002310  risingEdge                    
0000255d  scalbn                        
0000255d  scalbnl                       
00001c71  sendMessage                   
00001f55  servo_init                    
00001fe5  servo_move                    
00002045  servo_setPWM                  
00001fd9  servo_stop                    
00002de1  sprintf                       
00003039  strchr                        
00003021  strcmp                        
0000304f  strcpy                        
00003063  strlen                        
000015d3  timer_getMicros               
0000157b  timer_getMillis               
000014b5  timer_init                    
00001557  timer_pause                   
00001569  timer_resume                  
0000152d  timer_stop                    
0000162d  timer_waitMicros              
0000165f  timer_waitMillis              
00002e21  vsnprintf                     
00003077  wcslen                        


GLOBAL SYMBOLS: SORTED BY Symbol Address 

address   name                          
-------   ----                          
00000000  __TI_static_base__            
00000000  g_pfnVectors                  
0000026d  __TI_printfi                  
00000cbb  __aeabi_idiv0                 
00000cbb  __aeabi_ldiv0                 
00000cbd  lcd_reverseNibble             
00000cf9  lcd_init                      
00000db9  lcd_putc                      
00000df1  lcd_puts                      
00000e0f  lcd_sendCommand               
00000e4d  lcd_sendNibble                
00000e91  lcd_gotoLine                  
00000eb9  lcd_setCursorPos              
00000ef7  lcd_printf                    
00001000  __STACK_SIZE                  
00001000  __SYSMEM_SIZE                 
00001255  cyBOT_scan_version            
00001263  cyBOT_init_Scan               
000012bb  cyBOT_Scan                    
0000132d  cyBOT_SERVO_cal               
000014b5  timer_init                    
0000152d  timer_stop                    
00001557  timer_pause                   
00001569  timer_resume                  
0000157b  timer_getMillis               
000015d3  timer_getMicros               
0000162d  timer_waitMicros              
0000165f  timer_waitMillis              
000016fd  ping_init                     
00001783  ping_trigger                  
000017ed  TIMER3B_Handler               
0000183f  ping_getDistance              
00001ab9  __aeabi_dsub                  
00001ac3  __aeabi_dadd                  
00001c71  sendMessage                   
00001c99  main                          
00001df9  cyBot_sendByte                
00001e05  cyBot_uart_sendStr            
00001e1f  cyBot_uart_sendBuffer         
00001e37  cyBot_uart_init               
00001ec9  cyBot_uart_flush              
00001ee7  cyBot_getByte                 
00001f01  cyBot_UART1_Handler           
00001f55  servo_init                    
00001fd9  servo_stop                    
00001fe5  servo_move                    
00002045  servo_setPWM                  
000021e9  __aeabi_ddiv                  
00002445  ir_init                       
000024ad  ir_getValue                   
000024d5  ir_getDistance                
000024dd  ADC0SS0_Handler               
000024f3  ir_enableInterrupt            
0000255d  ldexp                         
0000255d  ldexpl                        
0000255d  scalbn                        
0000255d  scalbnl                       
0000266d  __aeabi_dmul                  
0000281b  __aeabi_memcpy                
0000281b  __aeabi_memcpy4               
0000281b  __aeabi_memcpy8               
0000281b  memcpy                        
000028b7  __aeabi_uldivmod              
0000294d  __aeabi_cdcmpeq               
0000294d  __aeabi_cdcmple               
000029d3  __aeabi_cdrcmple              
00002a59  __aeabi_memclr                
00002a59  __aeabi_memclr4               
00002a59  __aeabi_memclr8               
00002a5b  __aeabi_memset                
00002a5b  __aeabi_memset4               
00002a5b  __aeabi_memset8               
00002a61  memset                        
00002b41  __TI_decompress_lzss          
00002ba9  frexp                         
00002ba9  frexpl                        
00002c63  __TI_ltoa                     
00002d09  atoi                          
00002d55  __aeabi_d2iz                  
00002d9d  __TI_auto_init_nobinit_nopinit
00002de1  sprintf                       
00002e21  vsnprintf                     
00002e9f  __aeabi_f2d                   
00002ed9  IntRegister                   
00002f0d  _c_int00_noargs               
00002f71  __aeabi_i2d                   
00002f9f  __TI_zero_init_nomemset       
00002fbb  memccpy                       
00002fd7  copysign                      
00002fd7  copysignl                     
00003021  strcmp                        
00003039  strchr                        
0000304f  strcpy                        
00003063  strlen                        
00003077  wcslen                        
00003089  IntMasterEnable               
00003099  lcd_clear                     
000030a9  __TI_decompress_none          
000030b7  CPUcpsie                      
000030c3  ResetISR                      
000030d9  __aeabi_errno_addr            
000030e1  _system_pre_init              
000030e5  C$$EXIT                       
000030e5  abort                         
000030e8  _ctypes_                      
000031f8  __TI_Handler_Table_Base       
00003204  __TI_Handler_Table_Limit      
00003220  __TI_CINIT_Base               
00003238  __TI_CINIT_Limit              
20000000  __start___llvm_prf_cnts       
20000000  __stop___llvm_prf_cnts        
20000000  g_pfnRAMVectors               
20000270  __stack                       
20000470  __STACK_TOP                   
20001270  __STACK_END                   
20001270  _sys_memory                   
200022c4  isr_char_buffer               
200022f8  _timeout_ticks                
200022fc  fallingEdge                   
20002300  isr_int_value                 
20002304  left_calibration_value        
20002308  pulseLength                   
2000230c  right_calibration_value       
20002310  risingEdge                    
20002314  isRisingEdge                  
20002318  cyBOT_scan_features           
2000231c  isr_counter                   
20002320  errno                         
20002324  _running                      
ffffffff  __TI_pprof_out_hndl           
ffffffff  __TI_prof_data_size           
ffffffff  __TI_prof_data_start          
ffffffff  __binit__                     
ffffffff  __c_args__                    
ffffffff  binit                         
UNDEFED   __mpu_init                    
UNDEFED   _system_post_cinit            

[137 symbols]
