******************************************************************************
                  TI ARM Linker PC v20.2.7                     
******************************************************************************
>> Linked Mon Feb 19 15:32:29 2024

OUTPUT FILE NAME:   <Lab3.out>
ENTRY POINT SYMBOL: "_c_int00_noargs"  address: 00004181


MEMORY CONFIGURATION

         name            origin    length      used     unused   attr    fill
----------------------  --------  ---------  --------  --------  ----  --------
  FLASH                 00000000   00040000  000045a4  0003ba5c  R  X
  SRAM                  20000000   00008000  000024ff  00005b01  RW X


SEGMENT ALLOCATION MAP

run origin  load origin   length   init length attrs members
----------  ----------- ---------- ----------- ----- -------
00000000    00000000    000045a8   000045a8    r-x
  00000000    00000000    0000026c   0000026c    r-- .intvecs
  0000026c    0000026c    00004148   00004148    r-x .text
  000043b4    000043b4    00000198   00000198    r-- .const
  00004550    00004550    00000058   00000058    r-- .cinit
20000000    20000000    00002506   00000000    rw-
  20000000    20000000    0000026c   00000000    rw- .vtable
  20000270    20000270    00001000   00000000    rw- .stack
  20001270    20001270    00001000   00000000    rw- .sysmem
  20002270    20002270    0000024d   00000000    rw- .bss
  200024c0    200024c0    00000046   00000000    rw- .data


SECTION ALLOCATION MAP

 output                                  attributes/
section   page    origin      length       input sections
--------  ----  ----------  ----------   ----------------
.intvecs   0    00000000    0000026c     
                  00000000    0000026c     tm4c123gh6pm_startup_ccs.obj (.intvecs)

.text      0    0000026c    00004148     
                  0000026c    00000c20     open_interface.obj (.text)
                  00000e8c    00000a4e     rtsv7M4_T_le_v4SPD16_eabi.lib : _printfi.c.obj (.text:__TI_printfi)
                  000018da    00000002                                   : _lock.c.obj (.text:_nop)
                  000018dc    000004e0     main.obj (.text)
                  00001dbc    00000328     lcd.obj (.text)
                  000020e4    00000270     rtsv7M4_T_le_v4SPD16_eabi.lib : _printfi.c.obj (.text:_pconv_a)
                  00002354    00000260     libcybotScan.lib : cyBot_Scan.obj (.text)
                  000025b4    00000248     Timer.obj (.text)
                  000027fc    000001ec     libcybotScan.lib : ping.obj (.text)
                  000029e8    000001d0     rtsv7M4_T_le_v4SPD16_eabi.lib : _printfi.c.obj (.text:_pconv_g)
                  00002bb8    000001b6                                   : fd_add_t2.asm.obj (.text)
                  00002d6e    00000002                                   : div0.asm.obj (.text)
                  00002d70    0000015c     libcybotUART.lib : uart.obj (.text)
                  00002ecc    00000158     libcybotScan.lib : servo.obj (.text)
                  00003024    0000013c     rtsv7M4_T_le_v4SPD16_eabi.lib : _printfi.c.obj (.text:_pconv_e)
                  00003160    00000136                                   : fd_div_t2.asm.obj (.text)
                  00003296    00000002     --HOLE-- [fill = 0]
                  00003298    00000124                                   : _printfi.c.obj (.text:fcvt)
                  000033bc    00000118     libcybotScan.lib : ir.obj (.text)
                  000034d4    00000110     rtsv7M4_T_le_v4SPD16_eabi.lib : s_scalbn.c.obj (.text:scalbn)
                  000035e4    00000100                                   : memory.c.obj (.text:aligned_alloc)
                  000036e4    000000fc                                   : fd_mul_t2.asm.obj (.text)
                  000037e0    000000e4                                   : memory.c.obj (.text:free)
                  000038c4    000000b1                                   : _printfi.c.obj (.text:_ltostr)
                  00003975    00000001     --HOLE-- [fill = 0]
                  00003976    0000009c                                   : memcpy_t2.asm.obj (.text)
                  00003a12    00000096                                   : ull_div_t2.asm.obj (.text)
                  00003aa8    00000086                                   : fd_cmp_t2.asm.obj (.text:__aeabi_cdcmple)
                  00003b2e    00000086                                   : fd_cmp_t2.asm.obj (.text:__aeabi_cdrcmple)
                  00003bb4    0000007a                                   : memset_t2.asm.obj (.text)
                  00003c2e    00000002     --HOLE-- [fill = 0]
                  00003c30    00000070                                   : memory.c.obj (.text:split)
                  00003ca0    0000006e                                   : _printfi.c.obj (.text:_mcpy)
                  00003d0e    0000006e                                   : fd_tos_t2.asm.obj (.text)
                  00003d7c    00000068                                   : copy_decompress_lzss.c.obj (.text:decompress:lzss:__TI_decompress_lzss)
                  00003de4    00000064                                   : s_frexp.c.obj (.text:frexp)
                  00003e48    00000056                                   : _printfi.c.obj (.text:_pconv_f)
                  00003e9e    00000054                                   : _ltoa.c.obj (.text:__TI_ltoa)
                  00003ef2    00000052                                   : _printfi.c.obj (.text:_ecpy)
                  00003f44    0000004c                                   : atoi.c.obj (.text:atoi)
                  00003f90    00000048                                   : fd_toi_t2.asm.obj (.text)
                  00003fd8    00000044                                   : autoinit.c.obj (.text:__TI_auto_init_nobinit_nopinit:__TI_auto_init_nobinit_nopinit)
                  0000401c    00000040                                   : sprintf.c.obj (.text:sprintf)
                  0000405c    00000040                                   : vsnprintf.c.obj (.text:vsnprintf)
                  0000409c    0000003e                                   : _printfi.c.obj (.text:_fcpy)
                  000040da    00000002     --HOLE-- [fill = 0]
                  000040dc    00000038                                   : memory.c.obj (.text:calloc)
                  00004114    00000038                                   : fs_tod_t2.asm.obj (.text)
                  0000414c    00000034     driverlib.lib : interrupt.obj (.text:IntRegister)
                  00004180    00000034     rtsv7M4_T_le_v4SPD16_eabi.lib : boot_cortex_m.c.obj (.text:_c_int00_noargs:_c_int00_noargs)
                  000041b4    00000030                                   : vsnprintf.c.obj (.text:_outs)
                  000041e4    0000002e                                   : i_tofd_t2.asm.obj (.text)
                  00004212    00000002     --HOLE-- [fill = 0]
                  00004214    00000028                                   : memory.c.obj (.text:free_list_insert)
                  0000423c    0000001c                                   : memory.c.obj (.text:free_list_remove)
                  00004258    0000001c                                   : memccpy.c.obj (.text:memccpy)
                  00004274    0000001a                                   : s_copysign.c.obj (.text:copysign)
                  0000428e    00000018                                   : vsnprintf.c.obj (.text:_outc)
                  000042a6    00000018                                   : sprintf.c.obj (.text:_outs)
                  000042be    00000018     open_interface.obj (.text:oi_parseInt)
                  000042d6    00000018     rtsv7M4_T_le_v4SPD16_eabi.lib : strcmp.c.obj (.text:strcmp)
                  000042ee    00000016                                   : strchr.c.obj (.text:strchr)
                  00004304    00000014                                   : strcpy.c.obj (.text:strcpy)
                  00004318    00000014                                   : strlen.c.obj (.text:strlen)
                  0000432c    00000012                                   : wcslen.c.obj (.text:wcslen)
                  0000433e    00000010     driverlib.lib : interrupt.obj (.text:IntMasterEnable)
                  0000434e    00000010     lcd.obj (.text:lcd_clear)
                  0000435e    0000000e     rtsv7M4_T_le_v4SPD16_eabi.lib : copy_decompress_none.c.obj (.text:decompress:none:__TI_decompress_none)
                  0000436c    0000000c     driverlib.lib : cpu.obj (.text:CPUcpsie)
                  00004378    0000000c     rtsv7M4_T_le_v4SPD16_eabi.lib : copy_zero_init.c.obj (.text:decompress:ZI:__TI_zero_init)
                  00004384    0000000c     tm4c123gh6pm_startup_ccs.obj (.text)
                  00004390    0000000a     rtsv7M4_T_le_v4SPD16_eabi.lib : sprintf.c.obj (.text:_outc)
                  0000439a    00000002     --HOLE-- [fill = 0]
                  0000439c    00000008                                   : errno.c.obj (.text:__aeabi_errno_addr)
                  000043a4    00000008                                   : memory.c.obj (.text:malloc)
                  000043ac    00000004                                   : pre_init.c.obj (.text:_system_pre_init)
                  000043b0    00000004                                   : exit.c.obj (.text:abort:abort)

.const     0    000043b4    00000198     
                  000043b4    00000101     rtsv7M4_T_le_v4SPD16_eabi.lib : ctype.c.obj (.const:.string:_ctypes_)
                  000044b5    00000029     main.obj (.const:.string:$P$T1$2)
                  000044de    00000028     main.obj (.const:.string:$P$T0$1)
                  00004506    00000020     main.obj (.const:.string:$P$T2$3)
                  00004526    0000000f     open_interface.obj (.const:.string:$P$T0$3)
                  00004535    0000000c     main.obj (.const:.string:$P$T3$4)
                  00004541    00000004     lcd.obj (.const:.string:lineAddress$1)
                  00004545    00000004     lcd.obj (.const:.string:lineAddresses$2)
                  00004549    00000003     main.obj (.const:.string:$P$T4$5)

.cinit     0    00004550    00000058     
                  00004550    00000020     (.cinit..data.load) [load image, compression = lzss]
                  00004570    0000000c     (__TI_handler_table)
                  0000457c    00000004     --HOLE-- [fill = 0]
                  00004580    00000008     (.cinit..bss.load) [load image, compression = zero_init]
                  00004588    00000008     (.cinit..vtable.load) [load image, compression = zero_init]
                  00004590    00000018     (__TI_cinit_table)

.init_array 
*          0    00000000    00000000     UNINITIALIZED

.vtable    0    20000000    0000026c     UNINITIALIZED
                  20000000    0000026c     driverlib.lib : interrupt.obj (.vtable)

.stack     0    20000270    00001000     UNINITIALIZED
                  20000270    00000004     rtsv7M4_T_le_v4SPD16_eabi.lib : boot_cortex_m.c.obj (.stack)
                  20000274    00000ffc     --HOLE--

.sysmem    0    20001270    00001000     UNINITIALIZED
                  20001270    00000010     rtsv7M4_T_le_v4SPD16_eabi.lib : memory.c.obj (.sysmem)
                  20001280    00000ff0     --HOLE--

.bss       0    20002270    0000024d     UNINITIALIZED
                  20002270    00000168     (.common:array)
                  200023d8    00000054     lcd.obj (.bss:lastbuffer$3)
                  2000242c    00000034     (.common:isr_char_buffer)
                  20002460    00000028     (.common:ang)
                  20002488    00000018     open_interface.obj (.bss:firmware$2)
                  200024a0    00000004     (.common:_timeout_ticks)
                  200024a4    00000004     (.common:fallingEdge)
                  200024a8    00000004     (.common:isr_int_value)
                  200024ac    00000004     (.common:left_calibration_value)
                  200024b0    00000004     (.common:pulseLength)
                  200024b4    00000004     (.common:right_calibration_value)
                  200024b8    00000004     (.common:risingEdge)
                  200024bc    00000001     (.common:isRisingEdge)

.data      0    200024c0    00000046     UNINITIALIZED
                  200024c0    00000020     open_interface.obj (.data)
                  200024e0    00000008     rtsv7M4_T_le_v4SPD16_eabi.lib : _lock.c.obj (.data:$O1$$)
                  200024e8    00000008                                   : memory.c.obj (.data:$O1$$)
                  200024f0    00000004     libcybotScan.lib : cyBot_Scan.obj (.data)
                  200024f4    00000004     libcybotUART.lib : uart.obj (.data)
                  200024f8    00000004     main.obj (.data)
                  200024fc    00000004     rtsv7M4_T_le_v4SPD16_eabi.lib : errno.c.obj (.data)
                  20002500    00000003     main.obj (.data:newLine)
                  20002503    00000002     main.obj (.data:tab)
                  20002505    00000001     Timer.obj (.data)

__llvm_prf_cnts 
*          0    20000000    00000000     UNINITIALIZED

MODULE SUMMARY

       Module                         code    ro data   rw data
       ------                         ----    -------   -------
    .\
       open_interface.obj             3128    15        56     
       main.obj                       1248    128       417    
       lcd.obj                        824     8         84     
       tm4c123gh6pm_startup_ccs.obj   12      620       0      
       Timer.obj                      584     0         5      
    +--+------------------------------+-------+---------+---------+
       Total:                         5796    771       562    
                                                               
    ../libcybotScan.lib
       cyBot_Scan.obj                 608     0         4      
       ping.obj                       492     0         13     
       servo.obj                      344     0         0      
       ir.obj                         280     0         4      
    +--+------------------------------+-------+---------+---------+
       Total:                         1724    0         21     
                                                               
    ../libcybotUART.lib
       uart.obj                       348     0         56     
    +--+------------------------------+-------+---------+---------+
       Total:                         348     0         56     
                                                               
    C:/ti/TivaWare_C_Series-2.2.0.295/driverlib/ccs/Debug/driverlib.lib
       interrupt.obj                  68      0         620    
       cpu.obj                        12      0         0      
    +--+------------------------------+-------+---------+---------+
       Total:                         80      0         620    
                                                               
    C:\ti\ccs1230\ccs\tools\compiler\ti-cgt-arm_20.2.7.LTS\lib\rtsv7M4_T_le_v4SPD16_eabi.lib
       _printfi.c.obj                 4851    0         0      
       memory.c.obj                   728     0         8      
       fd_add_t2.asm.obj              438     0         0      
       fd_div_t2.asm.obj              310     0         0      
       s_scalbn.c.obj                 272     0         0      
       fd_cmp_t2.asm.obj              268     0         0      
       ctype.c.obj                    0       257       0      
       fd_mul_t2.asm.obj              252     0         0      
       memcpy_t2.asm.obj              156     0         0      
       ull_div_t2.asm.obj             150     0         0      
       vsnprintf.c.obj                136     0         0      
       memset_t2.asm.obj              122     0         0      
       fd_tos_t2.asm.obj              110     0         0      
       copy_decompress_lzss.c.obj     104     0         0      
       s_frexp.c.obj                  100     0         0      
       sprintf.c.obj                  98      0         0      
       _ltoa.c.obj                    84      0         0      
       atoi.c.obj                     76      0         0      
       fd_toi_t2.asm.obj              72      0         0      
       autoinit.c.obj                 68      0         0      
       fs_tod_t2.asm.obj              56      0         0      
       boot_cortex_m.c.obj            52      0         0      
       i_tofd_t2.asm.obj              46      0         0      
       memccpy.c.obj                  28      0         0      
       s_copysign.c.obj               26      0         0      
       strcmp.c.obj                   24      0         0      
       strchr.c.obj                   22      0         0      
       strcpy.c.obj                   20      0         0      
       strlen.c.obj                   20      0         0      
       wcslen.c.obj                   18      0         0      
       copy_decompress_none.c.obj     14      0         0      
       copy_zero_init.c.obj           12      0         0      
       errno.c.obj                    8       0         4      
       _lock.c.obj                    2       0         8      
       exit.c.obj                     4       0         0      
       pre_init.c.obj                 4       0         0      
       div0.asm.obj                   2       0         0      
    +--+------------------------------+-------+---------+---------+
       Total:                         8753    257       20     
                                                               
       Heap:                          0       0         4096   
       Stack:                         0       0         4096   
       Linker Generated:              0       84        0      
    +--+------------------------------+-------+---------+---------+
       Grand Total:                   16701   1112      9471   


LINKER GENERATED COPY TABLES

__TI_cinit_table @ 00004590 records: 3, size/record: 8, table size: 24
	.data: load addr=00004550, load size=00000020 bytes, run addr=200024c0, run size=00000046 bytes, compression=lzss
	.bss: load addr=00004580, load size=00000008 bytes, run addr=20002270, run size=0000024d bytes, compression=zero_init
	.vtable: load addr=00004588, load size=00000008 bytes, run addr=20000000, run size=0000026c bytes, compression=zero_init


LINKER GENERATED HANDLER TABLE

__TI_handler_table @ 00004570 records: 3, size/record: 4, table size: 12
	index: 0, handler: __TI_zero_init
	index: 1, handler: __TI_decompress_lzss
	index: 2, handler: __TI_decompress_none


GLOBAL SYMBOLS: SORTED ALPHABETICALLY BY Name 

address   name                          
-------   ----                          
00003455  ADC0SS0_Handler               
000043b1  C$$EXIT                       
0000436d  CPUcpsie                      
00000bc3  GPIOF_Handler                 
0000433f  IntMasterEnable               
0000414d  IntRegister                   
00004385  ResetISR                      
000028ed  TIMER3B_Handler               
20001270  __STACK_END                   
00001000  __STACK_SIZE                  
20000470  __STACK_TOP                   
00001000  __SYSMEM_SIZE                 
00004590  __TI_CINIT_Base               
000045a8  __TI_CINIT_Limit              
00004570  __TI_Handler_Table_Base       
0000457c  __TI_Handler_Table_Limit      
00003fd9  __TI_auto_init_nobinit_nopinit
00003d7d  __TI_decompress_lzss          
0000435f  __TI_decompress_none          
00003e9f  __TI_ltoa                     
ffffffff  __TI_pprof_out_hndl           
00000e8d  __TI_printfi                  
ffffffff  __TI_prof_data_size           
ffffffff  __TI_prof_data_start          
00000000  __TI_static_base__            
00004379  __TI_zero_init                
00003aa9  __aeabi_cdcmpeq               
00003aa9  __aeabi_cdcmple               
00003b2f  __aeabi_cdrcmple              
00003d0f  __aeabi_d2f                   
00003f91  __aeabi_d2iz                  
00002bc3  __aeabi_dadd                  
00003161  __aeabi_ddiv                  
000036e5  __aeabi_dmul                  
00002bb9  __aeabi_dsub                  
0000439d  __aeabi_errno_addr            
00004115  __aeabi_f2d                   
000041e5  __aeabi_i2d                   
00002d6f  __aeabi_idiv0                 
00002d6f  __aeabi_ldiv0                 
00003bb5  __aeabi_memclr                
00003bb5  __aeabi_memclr4               
00003bb5  __aeabi_memclr8               
00003977  __aeabi_memcpy                
00003977  __aeabi_memcpy4               
00003977  __aeabi_memcpy8               
00003bb7  __aeabi_memset                
00003bb7  __aeabi_memset4               
00003bb7  __aeabi_memset8               
00003a13  __aeabi_uldivmod              
ffffffff  __binit__                     
ffffffff  __c_args__                    
UNDEFED   __mpu_init                    
20000270  __stack                       
20000000  __start___llvm_prf_cnts       
20000000  __stop___llvm_prf_cnts        
00004181  _c_int00_noargs               
000043b4  _ctypes_                      
200024e0  _lock                         
000018db  _nop                          
20002505  _running                      
20001270  _sys_memory                   
UNDEFED   _system_post_cinit            
000043ad  _system_pre_init              
200024a0  _timeout_ticks                
200024e4  _unlock                       
000043b1  abort                         
000035e5  aligned_alloc                 
20002460  ang                           
20002270  array                         
00003f45  atoi                          
ffffffff  binit                         
000040dd  calloc                        
00004275  copysign                      
00004275  copysignl                     
0000242d  cyBOT_SERVO_cal               
000023bb  cyBOT_Scan                    
00002363  cyBOT_init_Scan               
200024f0  cyBOT_scan_features           
00002355  cyBOT_scan_version            
00002e79  cyBot_UART1_Handler           
00002e5f  cyBot_getByte                 
00002d71  cyBot_sendByte                
00002e41  cyBot_uart_flush              
00002daf  cyBot_uart_init               
00002d97  cyBot_uart_sendBuffer         
00002d7d  cyBot_uart_sendStr            
00001939  detect                        
00001c67  doScan                        
200024fc  errno                         
200024a4  fallingEdge                   
000037e1  free                          
00003de5  frexp                         
00003de5  frexpl                        
20000000  g_pfnRAMVectors               
00000000  g_pfnVectors                  
0000097f  go_charge                     
0000346b  ir_enableInterrupt            
0000344d  ir_getDistance                
00003425  ir_getValue                   
000033bd  ir_init                       
200024bc  isRisingEdge                  
2000242c  isr_char_buffer               
200024f4  isr_counter                   
200024a8  isr_int_value                 
0000434f  lcd_clear                     
00001f91  lcd_gotoLine                  
00001df9  lcd_init                      
00001ff7  lcd_printf                    
00001eb9  lcd_putc                      
00001ef1  lcd_puts                      
00001dbd  lcd_reverseNibble             
00001f0f  lcd_sendCommand               
00001f4d  lcd_sendNibble                
00001fb9  lcd_setCursorPos              
000034d5  ldexp                         
000034d5  ldexpl                        
200024ac  left_calibration_value        
000018dd  main                          
000043a5  malloc                        
000035e5  memalign                      
00004259  memccpy                       
00003977  memcpy                        
00003bbd  memset                        
200024c0  motor_cal_factor_L            
200024c4  motor_cal_factor_R            
20002500  newLine                       
200024f8  objNum                        
0000026d  oi_alloc                      
00000aa9  oi_checkFirmware              
000002c7  oi_close                      
00000279  oi_free                       
00000ded  oi_getMotorCalibrationLeft    
00000e01  oi_getMotorCalibrationRight   
000002b1  oi_init                       
00000289  oi_init_noupdate              
00000915  oi_loadSong                   
000042bf  oi_parseInt                   
0000032b  oi_parsePacket                
0000096b  oi_play_song                  
0000084b  oi_setLeds                    
00000db1  oi_setMotorCalibration        
0000088f  oi_setWheels                  
00000b51  oi_shutoff_init               
0000098d  oi_uartInit                   
00000a31  oi_uartReceive                
00000a77  oi_uartSendBuff               
00000a15  oi_uartSendChar               
00000a59  oi_uartSendStr                
000002d9  oi_update                     
0000293f  ping_getDistance              
000027fd  ping_init                     
00002883  ping_trigger                  
200024b0  pulseLength                   
200024b4  right_calibration_value       
200024b8  risingEdge                    
000034d5  scalbn                        
000034d5  scalbnl                       
00002ecd  servo_init                    
00002f5d  servo_move                    
00002fbd  servo_setPWM                  
00002f51  servo_stop                    
0000401d  sprintf                       
000042ef  strchr                        
000042d7  strcmp                        
00004305  strcpy                        
00004319  strlen                        
20002503  tab                           
000026d3  timer_getMicros               
0000267b  timer_getMillis               
000025b5  timer_init                    
00002657  timer_pause                   
00002669  timer_resume                  
0000262d  timer_stop                    
0000272d  timer_waitMicros              
0000275f  timer_waitMillis              
00001d29  uart_recieve                  
00001cef  uart_sendString               
0000405d  vsnprintf                     
0000432d  wcslen                        


GLOBAL SYMBOLS: SORTED BY Symbol Address 

address   name                          
-------   ----                          
00000000  __TI_static_base__            
00000000  g_pfnVectors                  
0000026d  oi_alloc                      
00000279  oi_free                       
00000289  oi_init_noupdate              
000002b1  oi_init                       
000002c7  oi_close                      
000002d9  oi_update                     
0000032b  oi_parsePacket                
0000084b  oi_setLeds                    
0000088f  oi_setWheels                  
00000915  oi_loadSong                   
0000096b  oi_play_song                  
0000097f  go_charge                     
0000098d  oi_uartInit                   
00000a15  oi_uartSendChar               
00000a31  oi_uartReceive                
00000a59  oi_uartSendStr                
00000a77  oi_uartSendBuff               
00000aa9  oi_checkFirmware              
00000b51  oi_shutoff_init               
00000bc3  GPIOF_Handler                 
00000db1  oi_setMotorCalibration        
00000ded  oi_getMotorCalibrationLeft    
00000e01  oi_getMotorCalibrationRight   
00000e8d  __TI_printfi                  
00001000  __STACK_SIZE                  
00001000  __SYSMEM_SIZE                 
000018db  _nop                          
000018dd  main                          
00001939  detect                        
00001c67  doScan                        
00001cef  uart_sendString               
00001d29  uart_recieve                  
00001dbd  lcd_reverseNibble             
00001df9  lcd_init                      
00001eb9  lcd_putc                      
00001ef1  lcd_puts                      
00001f0f  lcd_sendCommand               
00001f4d  lcd_sendNibble                
00001f91  lcd_gotoLine                  
00001fb9  lcd_setCursorPos              
00001ff7  lcd_printf                    
00002355  cyBOT_scan_version            
00002363  cyBOT_init_Scan               
000023bb  cyBOT_Scan                    
0000242d  cyBOT_SERVO_cal               
000025b5  timer_init                    
0000262d  timer_stop                    
00002657  timer_pause                   
00002669  timer_resume                  
0000267b  timer_getMillis               
000026d3  timer_getMicros               
0000272d  timer_waitMicros              
0000275f  timer_waitMillis              
000027fd  ping_init                     
00002883  ping_trigger                  
000028ed  TIMER3B_Handler               
0000293f  ping_getDistance              
00002bb9  __aeabi_dsub                  
00002bc3  __aeabi_dadd                  
00002d6f  __aeabi_idiv0                 
00002d6f  __aeabi_ldiv0                 
00002d71  cyBot_sendByte                
00002d7d  cyBot_uart_sendStr            
00002d97  cyBot_uart_sendBuffer         
00002daf  cyBot_uart_init               
00002e41  cyBot_uart_flush              
00002e5f  cyBot_getByte                 
00002e79  cyBot_UART1_Handler           
00002ecd  servo_init                    
00002f51  servo_stop                    
00002f5d  servo_move                    
00002fbd  servo_setPWM                  
00003161  __aeabi_ddiv                  
000033bd  ir_init                       
00003425  ir_getValue                   
0000344d  ir_getDistance                
00003455  ADC0SS0_Handler               
0000346b  ir_enableInterrupt            
000034d5  ldexp                         
000034d5  ldexpl                        
000034d5  scalbn                        
000034d5  scalbnl                       
000035e5  aligned_alloc                 
000035e5  memalign                      
000036e5  __aeabi_dmul                  
000037e1  free                          
00003977  __aeabi_memcpy                
00003977  __aeabi_memcpy4               
00003977  __aeabi_memcpy8               
00003977  memcpy                        
00003a13  __aeabi_uldivmod              
00003aa9  __aeabi_cdcmpeq               
00003aa9  __aeabi_cdcmple               
00003b2f  __aeabi_cdrcmple              
00003bb5  __aeabi_memclr                
00003bb5  __aeabi_memclr4               
00003bb5  __aeabi_memclr8               
00003bb7  __aeabi_memset                
00003bb7  __aeabi_memset4               
00003bb7  __aeabi_memset8               
00003bbd  memset                        
00003d0f  __aeabi_d2f                   
00003d7d  __TI_decompress_lzss          
00003de5  frexp                         
00003de5  frexpl                        
00003e9f  __TI_ltoa                     
00003f45  atoi                          
00003f91  __aeabi_d2iz                  
00003fd9  __TI_auto_init_nobinit_nopinit
0000401d  sprintf                       
0000405d  vsnprintf                     
000040dd  calloc                        
00004115  __aeabi_f2d                   
0000414d  IntRegister                   
00004181  _c_int00_noargs               
000041e5  __aeabi_i2d                   
00004259  memccpy                       
00004275  copysign                      
00004275  copysignl                     
000042bf  oi_parseInt                   
000042d7  strcmp                        
000042ef  strchr                        
00004305  strcpy                        
00004319  strlen                        
0000432d  wcslen                        
0000433f  IntMasterEnable               
0000434f  lcd_clear                     
0000435f  __TI_decompress_none          
0000436d  CPUcpsie                      
00004379  __TI_zero_init                
00004385  ResetISR                      
0000439d  __aeabi_errno_addr            
000043a5  malloc                        
000043ad  _system_pre_init              
000043b1  C$$EXIT                       
000043b1  abort                         
000043b4  _ctypes_                      
00004570  __TI_Handler_Table_Base       
0000457c  __TI_Handler_Table_Limit      
00004590  __TI_CINIT_Base               
000045a8  __TI_CINIT_Limit              
20000000  __start___llvm_prf_cnts       
20000000  __stop___llvm_prf_cnts        
20000000  g_pfnRAMVectors               
20000270  __stack                       
20000470  __STACK_TOP                   
20001270  __STACK_END                   
20001270  _sys_memory                   
20002270  array                         
2000242c  isr_char_buffer               
20002460  ang                           
200024a0  _timeout_ticks                
200024a4  fallingEdge                   
200024a8  isr_int_value                 
200024ac  left_calibration_value        
200024b0  pulseLength                   
200024b4  right_calibration_value       
200024b8  risingEdge                    
200024bc  isRisingEdge                  
200024c0  motor_cal_factor_L            
200024c4  motor_cal_factor_R            
200024e0  _lock                         
200024e4  _unlock                       
200024f0  cyBOT_scan_features           
200024f4  isr_counter                   
200024f8  objNum                        
200024fc  errno                         
20002500  newLine                       
20002503  tab                           
20002505  _running                      
ffffffff  __TI_pprof_out_hndl           
ffffffff  __TI_prof_data_size           
ffffffff  __TI_prof_data_start          
ffffffff  __binit__                     
ffffffff  __c_args__                    
ffffffff  binit                         
UNDEFED   __mpu_init                    
UNDEFED   _system_post_cinit            

[180 symbols]
