******************************************************************************
                  TI ARM Linker PC v20.2.7                     
******************************************************************************
>> Linked Thu Apr  4 13:48:16 2024

OUTPUT FILE NAME:   <Lab8.out>
ENTRY POINT SYMBOL: "_c_int00_noargs"  address: 0000448d


MEMORY CONFIGURATION

         name            origin    length      used     unused   attr    fill
----------------------  --------  ---------  --------  --------  ----  --------
  FLASH                 00000000   00040000  00004893  0003b76d  R  X
  SRAM                  20000000   00008000  00002321  00005cdf  RW X


SEGMENT ALLOCATION MAP

run origin  load origin   length   init length attrs members
----------  ----------- ---------- ----------- ----- -------
00000000    00000000    00004898   00004898    r-x
  00000000    00000000    0000026c   0000026c    r-- .intvecs
  0000026c    0000026c    00004484   00004484    r-x .text
  000046f0    000046f0    0000014b   0000014b    r-- .const
  00004840    00004840    00000058   00000058    r-- .cinit
20000000    20000000    00002325   00000000    rw-
  20000000    20000000    0000026c   00000000    rw- .vtable
  20000270    20000270    00001000   00000000    rw- .stack
  20001270    20001270    00001000   00000000    rw- .sysmem
  20002270    20002270    00000078   00000000    rw- .bss
  200022e8    200022e8    0000003d   00000000    rw- .data


SECTION ALLOCATION MAP

 output                                  attributes/
section   page    origin      length       input sections
--------  ----  ----------  ----------   ----------------
.intvecs   0    00000000    0000026c     
                  00000000    0000026c     tm4c123gh6pm_startup_ccs.obj (.intvecs)

.text      0    0000026c    00004484     
                  0000026c    00000c20     open_interface.obj (.text)
                  00000e8c    00000a4e     rtsv7M4_T_le_v4SPD16_eabi.lib : _printfi.c.obj (.text:__TI_printfi)
                  000018da    00000002                                   : _lock.c.obj (.text:_nop)
                  000018dc    000009d0                                   : e_pow.c.obj (.text:pow)
                  000022ac    00000328     lcd.obj (.text)
                  000025d4    00000270     rtsv7M4_T_le_v4SPD16_eabi.lib : _printfi.c.obj (.text:_pconv_a)
                  00002844    00000248     Timer.obj (.text)
                  00002a8c    000001d0     rtsv7M4_T_le_v4SPD16_eabi.lib : _printfi.c.obj (.text:_pconv_g)
                  00002c5c    000001b6                                   : fd_add_t2.asm.obj (.text)
                  00002e12    00000002                                   : div0.asm.obj (.text)
                  00002e14    00000164     uart-interrupt.obj (.text)
                  00002f78    00000158     rtsv7M4_T_le_v4SPD16_eabi.lib : e_sqrt.c.obj (.text:sqrt)
                  000030d0    0000014c     uart.obj (.text)
                  0000321c    00000148     lab8.obj (.text)
                  00003364    0000013c     rtsv7M4_T_le_v4SPD16_eabi.lib : _printfi.c.obj (.text:_pconv_e)
                  000034a0    00000136                                   : fd_div_t2.asm.obj (.text)
                  000035d6    00000002     --HOLE-- [fill = 0]
                  000035d8    00000124                                   : _printfi.c.obj (.text:fcvt)
                  000036fc    00000110                                   : s_scalbn.c.obj (.text:scalbn)
                  0000380c    00000100                                   : memory.c.obj (.text:aligned_alloc)
                  0000390c    000000fc                                   : fd_mul_t2.asm.obj (.text)
                  00003a08    000000e4     adc.obj (.text)
                  00003aec    000000e4     rtsv7M4_T_le_v4SPD16_eabi.lib : memory.c.obj (.text:free)
                  00003bd0    000000b1                                   : _printfi.c.obj (.text:_ltostr)
                  00003c81    00000001     --HOLE-- [fill = 0]
                  00003c82    0000009c                                   : memcpy_t2.asm.obj (.text)
                  00003d1e    00000096                                   : ull_div_t2.asm.obj (.text)
                  00003db4    00000086                                   : fd_cmp_t2.asm.obj (.text:__aeabi_cdcmple)
                  00003e3a    00000086                                   : fd_cmp_t2.asm.obj (.text:__aeabi_cdrcmple)
                  00003ec0    0000007a                                   : memset_t2.asm.obj (.text)
                  00003f3a    00000002     --HOLE-- [fill = 0]
                  00003f3c    00000070                                   : memory.c.obj (.text:split)
                  00003fac    0000006e                                   : _printfi.c.obj (.text:_mcpy)
                  0000401a    0000006e                                   : fd_tos_t2.asm.obj (.text)
                  00004088    00000068                                   : copy_decompress_lzss.c.obj (.text:decompress:lzss:__TI_decompress_lzss)
                  000040f0    00000064                                   : s_frexp.c.obj (.text:frexp)
                  00004154    00000056                                   : _printfi.c.obj (.text:_pconv_f)
                  000041aa    00000054                                   : _ltoa.c.obj (.text:__TI_ltoa)
                  000041fe    00000052                                   : _printfi.c.obj (.text:_ecpy)
                  00004250    0000004c                                   : atoi.c.obj (.text:atoi)
                  0000429c    00000048                                   : fd_toi_t2.asm.obj (.text)
                  000042e4    00000044                                   : autoinit.c.obj (.text:__TI_auto_init_nobinit_nopinit:__TI_auto_init_nobinit_nopinit)
                  00004328    00000040                                   : sprintf.c.obj (.text:sprintf)
                  00004368    00000040                                   : vsnprintf.c.obj (.text:vsnprintf)
                  000043a8    0000003e                                   : _printfi.c.obj (.text:_fcpy)
                  000043e6    00000002     --HOLE-- [fill = 0]
                  000043e8    00000038                                   : memory.c.obj (.text:calloc)
                  00004420    00000038                                   : fs_tod_t2.asm.obj (.text)
                  00004458    00000034     driverlib.lib : interrupt.obj (.text:IntRegister)
                  0000448c    00000034     rtsv7M4_T_le_v4SPD16_eabi.lib : boot_cortex_m.c.obj (.text:_c_int00_noargs:_c_int00_noargs)
                  000044c0    00000030                                   : vsnprintf.c.obj (.text:_outs)
                  000044f0    0000002e                                   : i_tofd_t2.asm.obj (.text)
                  0000451e    00000002     --HOLE-- [fill = 0]
                  00004520    00000028                                   : memory.c.obj (.text:free_list_insert)
                  00004548    00000020                                   : u_tofd_t2.asm.obj (.text)
                  00004568    0000001c                                   : copy_zero_init.c.obj (.text:decompress:ZI:__TI_zero_init_nomemset:__TI_zero_init_nomemset)
                  00004584    0000001c                                   : memory.c.obj (.text:free_list_remove)
                  000045a0    0000001c                                   : memccpy.c.obj (.text:memccpy)
                  000045bc    0000001a                                   : s_copysign.c.obj (.text:copysign)
                  000045d6    00000018                                   : vsnprintf.c.obj (.text:_outc)
                  000045ee    00000018                                   : sprintf.c.obj (.text:_outs)
                  00004606    00000018     open_interface.obj (.text:oi_parseInt)
                  0000461e    00000018     rtsv7M4_T_le_v4SPD16_eabi.lib : strcmp.c.obj (.text:strcmp)
                  00004636    00000016                                   : strchr.c.obj (.text:strchr)
                  0000464c    00000014                                   : strcpy.c.obj (.text:strcpy)
                  00004660    00000014                                   : strlen.c.obj (.text:strlen)
                  00004674    00000012                                   : wcslen.c.obj (.text:wcslen)
                  00004686    00000010     driverlib.lib : interrupt.obj (.text:IntMasterEnable)
                  00004696    00000010     lcd.obj (.text:lcd_clear)
                  000046a6    0000000e     rtsv7M4_T_le_v4SPD16_eabi.lib : copy_decompress_none.c.obj (.text:decompress:none:__TI_decompress_none)
                  000046b4    0000000c     driverlib.lib : cpu.obj (.text:CPUcpsie)
                  000046c0    0000000c     tm4c123gh6pm_startup_ccs.obj (.text)
                  000046cc    0000000a     rtsv7M4_T_le_v4SPD16_eabi.lib : sprintf.c.obj (.text:_outc)
                  000046d6    00000002     --HOLE-- [fill = 0]
                  000046d8    00000008                                   : errno.c.obj (.text:__aeabi_errno_addr)
                  000046e0    00000008                                   : memory.c.obj (.text:malloc)
                  000046e8    00000004                                   : pre_init.c.obj (.text:_system_pre_init)
                  000046ec    00000004                                   : exit.c.obj (.text:abort:abort)

.const     0    000046f0    0000014b     
                  000046f0    00000101     rtsv7M4_T_le_v4SPD16_eabi.lib : ctype.c.obj (.const:.string:_ctypes_)
                  000047f1    00000004     lcd.obj (.const:.string:lineAddress$1)
                  000047f5    00000003     --HOLE-- [fill = 0]
                  000047f8    00000030     rtsv7M4_T_le_v4SPD16_eabi.lib : e_pow.c.obj (.const:$O1$$)
                  00004828    0000000f     open_interface.obj (.const:.string:$P$T0$3)
                  00004837    00000004     lcd.obj (.const:.string:lineAddresses$2)

.cinit     0    00004840    00000058     
                  00004840    0000001f     (.cinit..data.load) [load image, compression = lzss]
                  0000485f    00000001     --HOLE-- [fill = 0]
                  00004860    0000000c     (__TI_handler_table)
                  0000486c    00000004     --HOLE-- [fill = 0]
                  00004870    00000008     (.cinit..bss.load) [load image, compression = zero_init]
                  00004878    00000008     (.cinit..vtable.load) [load image, compression = zero_init]
                  00004880    00000018     (__TI_cinit_table)

.init_array 
*          0    00000000    00000000     UNINITIALIZED

.vtable    0    20000000    0000026c     UNINITIALIZED
                  20000000    0000026c     driverlib.lib : interrupt.obj (.vtable)

.stack     0    20000270    00001000     UNINITIALIZED
                  20000270    00000004     rtsv7M4_T_le_v4SPD16_eabi.lib : boot_cortex_m.c.obj (.stack)
                  20000274    00000ffc     --HOLE--

.sysmem    0    20001270    00001000     UNINITIALIZED
                  20001270    00000010     rtsv7M4_T_le_v4SPD16_eabi.lib : memory.c.obj (.sysmem)
                  20001280    00000ff0     --HOLE--

.bss       0    20002270    00000078     UNINITIALIZED
                  20002270    00000054     lcd.obj (.bss:lastbuffer$3)
                  200022c4    00000018     open_interface.obj (.bss:firmware$2)
                  200022dc    00000004     (.common:_timeout_ticks)
                  200022e0    00000004     (.common:left_calibration_value)
                  200022e4    00000004     (.common:right_calibration_value)

.data      0    200022e8    0000003d     UNINITIALIZED
                  200022e8    00000020     open_interface.obj (.data)
                  20002308    00000008     rtsv7M4_T_le_v4SPD16_eabi.lib : _lock.c.obj (.data:$O1$$)
                  20002310    00000008                                   : memory.c.obj (.data:$O1$$)
                  20002318    00000008     uart-interrupt.obj (.data)
                  20002320    00000004     rtsv7M4_T_le_v4SPD16_eabi.lib : errno.c.obj (.data)
                  20002324    00000001     Timer.obj (.data)

__llvm_prf_cnts 
*          0    20000000    00000000     UNINITIALIZED

MODULE SUMMARY

       Module                         code    ro data   rw data
       ------                         ----    -------   -------
    .\
       open_interface.obj             3128    15        56     
       lcd.obj                        824     8         84     
       tm4c123gh6pm_startup_ccs.obj   12      620       0      
       Timer.obj                      584     0         5      
       uart-interrupt.obj             356     0         8      
       uart.obj                       332     0         0      
       lab8.obj                       328     0         0      
       adc.obj                        228     0         8      
    +--+------------------------------+-------+---------+---------+
       Total:                         5792    643       161    
                                                               
    C:/ti/TivaWare_C_Series-2.2.0.295/driverlib/ccs/Debug/driverlib.lib
       interrupt.obj                  68      0         620    
       cpu.obj                        12      0         0      
    +--+------------------------------+-------+---------+---------+
       Total:                         80      0         620    
                                                               
    C:\ti\ccs1230\ccs\tools\compiler\ti-cgt-arm_20.2.7.LTS\lib\rtsv7M4_T_le_v4SPD16_eabi.lib
       _printfi.c.obj                 4851    0         0      
       e_pow.c.obj                    2512    48        0      
       memory.c.obj                   728     0         8      
       fd_add_t2.asm.obj              438     0         0      
       e_sqrt.c.obj                   344     0         0      
       fd_div_t2.asm.obj              310     0         0      
       s_scalbn.c.obj                 272     0         0      
       fd_cmp_t2.asm.obj              268     0         0      
       ctype.c.obj                    0       257       0      
       fd_mul_t2.asm.obj              252     0         0      
       memcpy_t2.asm.obj              156     0         0      
       ull_div_t2.asm.obj             150     0         0      
       vsnprintf.c.obj                136     0         0      
       memset_t2.asm.obj              122     0         0      
       fd_tos_t2.asm.obj              110     0         0      
       copy_decompress_lzss.c.obj     104     0         0      
       s_frexp.c.obj                  100     0         0      
       sprintf.c.obj                  98      0         0      
       _ltoa.c.obj                    84      0         0      
       atoi.c.obj                     76      0         0      
       fd_toi_t2.asm.obj              72      0         0      
       autoinit.c.obj                 68      0         0      
       fs_tod_t2.asm.obj              56      0         0      
       boot_cortex_m.c.obj            52      0         0      
       i_tofd_t2.asm.obj              46      0         0      
       u_tofd_t2.asm.obj              32      0         0      
       copy_zero_init.c.obj           28      0         0      
       memccpy.c.obj                  28      0         0      
       s_copysign.c.obj               26      0         0      
       strcmp.c.obj                   24      0         0      
       strchr.c.obj                   22      0         0      
       strcpy.c.obj                   20      0         0      
       strlen.c.obj                   20      0         0      
       wcslen.c.obj                   18      0         0      
       copy_decompress_none.c.obj     14      0         0      
       errno.c.obj                    8       0         4      
       _lock.c.obj                    2       0         8      
       exit.c.obj                     4       0         0      
       pre_init.c.obj                 4       0         0      
       div0.asm.obj                   2       0         0      
    +--+------------------------------+-------+---------+---------+
       Total:                         11657   305       20     
                                                               
       Heap:                          0       0         4096   
       Stack:                         0       0         4096   
       Linker Generated:              0       83        0      
    +--+------------------------------+-------+---------+---------+
       Grand Total:                   17529   1031      8993   


LINKER GENERATED COPY TABLES

__TI_cinit_table @ 00004880 records: 3, size/record: 8, table size: 24
	.data: load addr=00004840, load size=0000001f bytes, run addr=200022e8, run size=0000003d bytes, compression=lzss
	.bss: load addr=00004870, load size=00000008 bytes, run addr=20002270, run size=00000078 bytes, compression=zero_init
	.vtable: load addr=00004878, load size=00000008 bytes, run addr=20000000, run size=0000026c bytes, compression=zero_init


LINKER GENERATED HANDLER TABLE

__TI_handler_table @ 00004860 records: 3, size/record: 4, table size: 12
	index: 0, handler: __TI_zero_init
	index: 1, handler: __TI_decompress_lzss
	index: 2, handler: __TI_decompress_none


GLOBAL SYMBOLS: SORTED ALPHABETICALLY BY Name 

address   name                          
-------   ----                          
000046ed  C$$EXIT                       
000046b5  CPUcpsie                      
00000bc3  GPIOF_Handler                 
00004687  IntMasterEnable               
00004459  IntRegister                   
000046c1  ResetISR                      
00002ed9  UART1_Handler                 
20001270  __STACK_END                   
00001000  __STACK_SIZE                  
20000470  __STACK_TOP                   
00001000  __SYSMEM_SIZE                 
00004880  __TI_CINIT_Base               
00004898  __TI_CINIT_Limit              
00004860  __TI_Handler_Table_Base       
0000486c  __TI_Handler_Table_Limit      
000042e5  __TI_auto_init_nobinit_nopinit
00004089  __TI_decompress_lzss          
000046a7  __TI_decompress_none          
000041ab  __TI_ltoa                     
ffffffff  __TI_pprof_out_hndl           
00000e8d  __TI_printfi                  
ffffffff  __TI_prof_data_size           
ffffffff  __TI_prof_data_start          
00000000  __TI_static_base__            
00004569  __TI_zero_init_nomemset       
00003db5  __aeabi_cdcmpeq               
00003db5  __aeabi_cdcmple               
00003e3b  __aeabi_cdrcmple              
0000401b  __aeabi_d2f                   
0000429d  __aeabi_d2iz                  
00002c67  __aeabi_dadd                  
000034a1  __aeabi_ddiv                  
0000390d  __aeabi_dmul                  
00002c5d  __aeabi_dsub                  
000046d9  __aeabi_errno_addr            
00004421  __aeabi_f2d                   
000044f1  __aeabi_i2d                   
00002e13  __aeabi_idiv0                 
00002e13  __aeabi_ldiv0                 
00003ec1  __aeabi_memclr                
00003ec1  __aeabi_memclr4               
00003ec1  __aeabi_memclr8               
00003c83  __aeabi_memcpy                
00003c83  __aeabi_memcpy4               
00003c83  __aeabi_memcpy8               
00003ec3  __aeabi_memset                
00003ec3  __aeabi_memset4               
00003ec3  __aeabi_memset8               
00004549  __aeabi_ui2d                  
00003d1f  __aeabi_uldivmod              
ffffffff  __binit__                     
ffffffff  __c_args__                    
UNDEFED   __mpu_init                    
20000270  __stack                       
20000000  __start___llvm_prf_cnts       
20000000  __stop___llvm_prf_cnts        
0000448d  _c_int00_noargs               
000046f0  _ctypes_                      
20002308  _lock                         
000018db  _nop                          
20002324  _running                      
20001270  _sys_memory                   
UNDEFED   _system_post_cinit            
000046e9  _system_pre_init              
200022dc  _timeout_ticks                
2000230c  _unlock                       
000046ed  abort                         
00003a09  adc_init                      
00003a95  adc_read                      
0000380d  aligned_alloc                 
00004251  atoi                          
ffffffff  binit                         
000043e9  calloc                        
20002318  command_byte                  
2000231c  command_flag                  
000045bd  copysign                      
000045bd  copysignl                     
20002320  errno                         
00003aed  free                          
000040f1  frexp                         
000040f1  frexpl                        
20000000  g_pfnRAMVectors               
00000000  g_pfnVectors                  
0000097f  go_charge                     
00004697  lcd_clear                     
00002481  lcd_gotoLine                  
000022e9  lcd_init                      
000024e7  lcd_printf                    
000023a9  lcd_putc                      
000023e1  lcd_puts                      
000022ad  lcd_reverseNibble             
000023ff  lcd_sendCommand               
0000243d  lcd_sendNibble                
000024a9  lcd_setCursorPos              
000036fd  ldexp                         
000036fd  ldexpl                        
200022e0  left_calibration_value        
0000321d  main                          
000046e1  malloc                        
0000380d  memalign                      
000045a1  memccpy                       
00003c83  memcpy                        
00003ec9  memset                        
200022e8  motor_cal_factor_L            
200022ec  motor_cal_factor_R            
0000026d  oi_alloc                      
00000aa9  oi_checkFirmware              
000002c7  oi_close                      
00000279  oi_free                       
00000ded  oi_getMotorCalibrationLeft    
00000e01  oi_getMotorCalibrationRight   
000002b1  oi_init                       
00000289  oi_init_noupdate              
00000915  oi_loadSong                   
00004607  oi_parseInt                   
0000032b  oi_parsePacket                
0000096b  oi_play_song                  
0000084b  oi_setLeds                    
00000db1  oi_setMotorCalibration        
0000088f  oi_setWheels                  
00000b51  oi_shutoff_init               
0000098d  oi_uartInit                   
00000a31  oi_uartReceive                
00000a77  oi_uartSendBuff               
00000a15  oi_uartSendChar               
00000a59  oi_uartSendStr                
000002d9  oi_update                     
000018dd  pow                           
000018dd  powl                          
200022e4  right_calibration_value       
000036fd  scalbn                        
000036fd  scalbnl                       
00004329  sprintf                       
00002f79  sqrt                          
00002f79  sqrtl                         
00004637  strchr                        
0000461f  strcmp                        
0000464d  strcpy                        
00004661  strlen                        
00002963  timer_getMicros               
0000290b  timer_getMillis               
00002845  timer_init                    
000028e7  timer_pause                   
000028f9  timer_resume                  
000028bd  timer_stop                    
000029bd  timer_waitMicros              
000029ef  timer_waitMillis              
000030d1  uart_init                     
00002e15  uart_interrupt_init           
0000317f  uart_receive                  
00003193  uart_receive_nonblocking      
00003163  uart_sendChar                 
000031ab  uart_sendStr                  
00004369  vsnprintf                     
00004675  wcslen                        


GLOBAL SYMBOLS: SORTED BY Symbol Address 

address   name                          
-------   ----                          
00000000  __TI_static_base__            
00000000  g_pfnVectors                  
0000026d  oi_alloc                      
00000279  oi_free                       
00000289  oi_init_noupdate              
000002b1  oi_init                       
000002c7  oi_close                      
000002d9  oi_update                     
0000032b  oi_parsePacket                
0000084b  oi_setLeds                    
0000088f  oi_setWheels                  
00000915  oi_loadSong                   
0000096b  oi_play_song                  
0000097f  go_charge                     
0000098d  oi_uartInit                   
00000a15  oi_uartSendChar               
00000a31  oi_uartReceive                
00000a59  oi_uartSendStr                
00000a77  oi_uartSendBuff               
00000aa9  oi_checkFirmware              
00000b51  oi_shutoff_init               
00000bc3  GPIOF_Handler                 
00000db1  oi_setMotorCalibration        
00000ded  oi_getMotorCalibrationLeft    
00000e01  oi_getMotorCalibrationRight   
00000e8d  __TI_printfi                  
00001000  __STACK_SIZE                  
00001000  __SYSMEM_SIZE                 
000018db  _nop                          
000018dd  pow                           
000018dd  powl                          
000022ad  lcd_reverseNibble             
000022e9  lcd_init                      
000023a9  lcd_putc                      
000023e1  lcd_puts                      
000023ff  lcd_sendCommand               
0000243d  lcd_sendNibble                
00002481  lcd_gotoLine                  
000024a9  lcd_setCursorPos              
000024e7  lcd_printf                    
00002845  timer_init                    
000028bd  timer_stop                    
000028e7  timer_pause                   
000028f9  timer_resume                  
0000290b  timer_getMillis               
00002963  timer_getMicros               
000029bd  timer_waitMicros              
000029ef  timer_waitMillis              
00002c5d  __aeabi_dsub                  
00002c67  __aeabi_dadd                  
00002e13  __aeabi_idiv0                 
00002e13  __aeabi_ldiv0                 
00002e15  uart_interrupt_init           
00002ed9  UART1_Handler                 
00002f79  sqrt                          
00002f79  sqrtl                         
000030d1  uart_init                     
00003163  uart_sendChar                 
0000317f  uart_receive                  
00003193  uart_receive_nonblocking      
000031ab  uart_sendStr                  
0000321d  main                          
000034a1  __aeabi_ddiv                  
000036fd  ldexp                         
000036fd  ldexpl                        
000036fd  scalbn                        
000036fd  scalbnl                       
0000380d  aligned_alloc                 
0000380d  memalign                      
0000390d  __aeabi_dmul                  
00003a09  adc_init                      
00003a95  adc_read                      
00003aed  free                          
00003c83  __aeabi_memcpy                
00003c83  __aeabi_memcpy4               
00003c83  __aeabi_memcpy8               
00003c83  memcpy                        
00003d1f  __aeabi_uldivmod              
00003db5  __aeabi_cdcmpeq               
00003db5  __aeabi_cdcmple               
00003e3b  __aeabi_cdrcmple              
00003ec1  __aeabi_memclr                
00003ec1  __aeabi_memclr4               
00003ec1  __aeabi_memclr8               
00003ec3  __aeabi_memset                
00003ec3  __aeabi_memset4               
00003ec3  __aeabi_memset8               
00003ec9  memset                        
0000401b  __aeabi_d2f                   
00004089  __TI_decompress_lzss          
000040f1  frexp                         
000040f1  frexpl                        
000041ab  __TI_ltoa                     
00004251  atoi                          
0000429d  __aeabi_d2iz                  
000042e5  __TI_auto_init_nobinit_nopinit
00004329  sprintf                       
00004369  vsnprintf                     
000043e9  calloc                        
00004421  __aeabi_f2d                   
00004459  IntRegister                   
0000448d  _c_int00_noargs               
000044f1  __aeabi_i2d                   
00004549  __aeabi_ui2d                  
00004569  __TI_zero_init_nomemset       
000045a1  memccpy                       
000045bd  copysign                      
000045bd  copysignl                     
00004607  oi_parseInt                   
0000461f  strcmp                        
00004637  strchr                        
0000464d  strcpy                        
00004661  strlen                        
00004675  wcslen                        
00004687  IntMasterEnable               
00004697  lcd_clear                     
000046a7  __TI_decompress_none          
000046b5  CPUcpsie                      
000046c1  ResetISR                      
000046d9  __aeabi_errno_addr            
000046e1  malloc                        
000046e9  _system_pre_init              
000046ed  C$$EXIT                       
000046ed  abort                         
000046f0  _ctypes_                      
00004860  __TI_Handler_Table_Base       
0000486c  __TI_Handler_Table_Limit      
00004880  __TI_CINIT_Base               
00004898  __TI_CINIT_Limit              
20000000  __start___llvm_prf_cnts       
20000000  __stop___llvm_prf_cnts        
20000000  g_pfnRAMVectors               
20000270  __stack                       
20000470  __STACK_TOP                   
20001270  __STACK_END                   
20001270  _sys_memory                   
200022dc  _timeout_ticks                
200022e0  left_calibration_value        
200022e4  right_calibration_value       
200022e8  motor_cal_factor_L            
200022ec  motor_cal_factor_R            
20002308  _lock                         
2000230c  _unlock                       
20002318  command_byte                  
2000231c  command_flag                  
20002320  errno                         
20002324  _running                      
ffffffff  __TI_pprof_out_hndl           
ffffffff  __TI_prof_data_size           
ffffffff  __TI_prof_data_start          
ffffffff  __binit__                     
ffffffff  __c_args__                    
ffffffff  binit                         
UNDEFED   __mpu_init                    
UNDEFED   _system_post_cinit            

[155 symbols]
