******************************************************************************
                  TI ARM Linker PC v20.2.7                     
******************************************************************************
>> Linked Thu Mar 21 12:24:58 2024

OUTPUT FILE NAME:   <Lab7.out>
ENTRY POINT SYMBOL: "_c_int00_noargs"  address: 0000545d


MEMORY CONFIGURATION

         name            origin    length      used     unused   attr    fill
----------------------  --------  ---------  --------  --------  ----  --------
  FLASH                 00000000   00040000  000059db  0003a625  R  X
  SRAM                  20000000   00008000  00002686  0000597a  RW X


SEGMENT ALLOCATION MAP

run origin  load origin   length   init length attrs members
----------  ----------- ---------- ----------- ----- -------
00000000    00000000    000059e0   000059e0    r-x
  00000000    00000000    0000026c   0000026c    r-- .intvecs
  0000026c    0000026c    00005424   00005424    r-x .text
  00005690    00005690    000002f3   000002f3    r-- .const
  00005988    00005988    00000058   00000058    r-- .cinit
20000000    20000000    0000268d   00000000    rw-
  20000000    20000000    0000026c   00000000    rw- .vtable
  20000270    20000270    00001000   00000000    rw- .stack
  20001270    20001270    00001000   00000000    rw- .sysmem
  20002270    20002270    000003d1   00000000    rw- .bss
  20002644    20002644    00000049   00000000    rw- .data


SECTION ALLOCATION MAP

 output                                  attributes/
section   page    origin      length       input sections
--------  ----  ----------  ----------   ----------------
.intvecs   0    00000000    0000026c     
                  00000000    0000026c     tm4c123gh6pm_startup_ccs.obj (.intvecs)

.text      0    0000026c    00005424     
                  0000026c    00000c20     open_interface.obj (.text)
                  00000e8c    00000a4e     rtsv7M4_T_le_v4SPD16_eabi.lib : _printfi.c.obj (.text:__TI_printfi)
                  000018da    00000002                                   : _lock.c.obj (.text:_nop)
                  000018dc    00000738                                   : k_rem_pio2.c.obj (.text:__kernel_rem_pio2)
                  00002014    00000508                                   : s_tan.c.obj (.text:tan)
                  0000251c    000003d0     lab7_template.obj (.text)
                  000028ec    00000328     lcd.obj (.text)
                  00002c14    0000031c     rtsv7M4_T_le_v4SPD16_eabi.lib : k_tan.c.obj (.text:__kernel_tan)
                  00002f30    00000270                                   : _printfi.c.obj (.text:_pconv_a)
                  000031a0    00000260     libcybotScan.lib : cyBot_Scan.obj (.text)
                  00003400    00000248     Timer.obj (.text)
                  00003648    00000244     movement.obj (.text)
                  0000388c    000001ec     libcybotScan.lib : ping.obj (.text)
                  00003a78    000001d0     rtsv7M4_T_le_v4SPD16_eabi.lib : _printfi.c.obj (.text:_pconv_g)
                  00003c48    000001b6                                   : fd_add_t2.asm.obj (.text)
                  00003dfe    00000002                                   : div0.asm.obj (.text)
                  00003e00    00000164     uart-interrupt.obj (.text)
                  00003f64    00000158     libcybotScan.lib : servo.obj (.text)
                  000040bc    0000014c     uart.obj (.text)
                  00004208    0000013c     rtsv7M4_T_le_v4SPD16_eabi.lib : _printfi.c.obj (.text:_pconv_e)
                  00004344    00000136                                   : fd_div_t2.asm.obj (.text)
                  0000447a    00000002     --HOLE-- [fill = 0]
                  0000447c    00000124                                   : _printfi.c.obj (.text:fcvt)
                  000045a0    00000118     libcybotScan.lib : ir.obj (.text)
                  000046b8    00000110     rtsv7M4_T_le_v4SPD16_eabi.lib : s_scalbn.c.obj (.text:scalbn)
                  000047c8    00000100                                   : memory.c.obj (.text:aligned_alloc)
                  000048c8    000000fc                                   : fd_mul_t2.asm.obj (.text)
                  000049c4    000000f8                                   : s_floor.c.obj (.text:floor)
                  00004abc    000000e4                                   : memory.c.obj (.text:free)
                  00004ba0    000000b1                                   : _printfi.c.obj (.text:_ltostr)
                  00004c51    00000001     --HOLE-- [fill = 0]
                  00004c52    0000009c                                   : memcpy_t2.asm.obj (.text)
                  00004cee    00000096                                   : ull_div_t2.asm.obj (.text)
                  00004d84    00000086                                   : fd_cmp_t2.asm.obj (.text:__aeabi_cdcmple)
                  00004e0a    00000086                                   : fd_cmp_t2.asm.obj (.text:__aeabi_cdrcmple)
                  00004e90    0000007a                                   : memset_t2.asm.obj (.text)
                  00004f0a    00000002     --HOLE-- [fill = 0]
                  00004f0c    00000070                                   : memory.c.obj (.text:split)
                  00004f7c    0000006e                                   : _printfi.c.obj (.text:_mcpy)
                  00004fea    0000006e                                   : fd_tos_t2.asm.obj (.text)
                  00005058    00000068                                   : copy_decompress_lzss.c.obj (.text:decompress:lzss:__TI_decompress_lzss)
                  000050c0    00000064                                   : s_frexp.c.obj (.text:frexp)
                  00005124    00000056                                   : _printfi.c.obj (.text:_pconv_f)
                  0000517a    00000054                                   : _ltoa.c.obj (.text:__TI_ltoa)
                  000051ce    00000052                                   : _printfi.c.obj (.text:_ecpy)
                  00005220    0000004c                                   : atoi.c.obj (.text:atoi)
                  0000526c    00000048                                   : fd_toi_t2.asm.obj (.text)
                  000052b4    00000044                                   : autoinit.c.obj (.text:__TI_auto_init_nobinit_nopinit:__TI_auto_init_nobinit_nopinit)
                  000052f8    00000040                                   : sprintf.c.obj (.text:sprintf)
                  00005338    00000040                                   : vsnprintf.c.obj (.text:vsnprintf)
                  00005378    0000003e                                   : _printfi.c.obj (.text:_fcpy)
                  000053b6    00000002     --HOLE-- [fill = 0]
                  000053b8    00000038                                   : memory.c.obj (.text:calloc)
                  000053f0    00000038                                   : fs_tod_t2.asm.obj (.text)
                  00005428    00000034     driverlib.lib : interrupt.obj (.text:IntRegister)
                  0000545c    00000034     rtsv7M4_T_le_v4SPD16_eabi.lib : boot_cortex_m.c.obj (.text:_c_int00_noargs:_c_int00_noargs)
                  00005490    00000030                                   : vsnprintf.c.obj (.text:_outs)
                  000054c0    0000002e                                   : i_tofd_t2.asm.obj (.text)
                  000054ee    00000002     --HOLE-- [fill = 0]
                  000054f0    00000028                                   : memory.c.obj (.text:free_list_insert)
                  00005518    0000001c                                   : memory.c.obj (.text:free_list_remove)
                  00005534    0000001c                                   : memccpy.c.obj (.text:memccpy)
                  00005550    0000001a                                   : s_copysign.c.obj (.text:copysign)
                  0000556a    00000018                                   : vsnprintf.c.obj (.text:_outc)
                  00005582    00000018                                   : sprintf.c.obj (.text:_outs)
                  0000559a    00000018     open_interface.obj (.text:oi_parseInt)
                  000055b2    00000018     rtsv7M4_T_le_v4SPD16_eabi.lib : strcmp.c.obj (.text:strcmp)
                  000055ca    00000016                                   : strchr.c.obj (.text:strchr)
                  000055e0    00000014                                   : strcpy.c.obj (.text:strcpy)
                  000055f4    00000014                                   : strlen.c.obj (.text:strlen)
                  00005608    00000012                                   : wcslen.c.obj (.text:wcslen)
                  0000561a    00000010     driverlib.lib : interrupt.obj (.text:IntMasterEnable)
                  0000562a    00000010     lcd.obj (.text:lcd_clear)
                  0000563a    0000000e     rtsv7M4_T_le_v4SPD16_eabi.lib : copy_decompress_none.c.obj (.text:decompress:none:__TI_decompress_none)
                  00005648    0000000c     driverlib.lib : cpu.obj (.text:CPUcpsie)
                  00005654    0000000c     rtsv7M4_T_le_v4SPD16_eabi.lib : copy_zero_init.c.obj (.text:decompress:ZI:__TI_zero_init)
                  00005660    0000000c     tm4c123gh6pm_startup_ccs.obj (.text)
                  0000566c    0000000a     rtsv7M4_T_le_v4SPD16_eabi.lib : sprintf.c.obj (.text:_outc)
                  00005676    00000002     --HOLE-- [fill = 0]
                  00005678    00000008                                   : errno.c.obj (.text:__aeabi_errno_addr)
                  00005680    00000008                                   : memory.c.obj (.text:malloc)
                  00005688    00000004                                   : pre_init.c.obj (.text:_system_pre_init)
                  0000568c    00000004                                   : exit.c.obj (.text:abort:abort)

.const     0    00005690    000002f3     
                  00005690    00000158     rtsv7M4_T_le_v4SPD16_eabi.lib : k_rem_pio2.c.obj (.const:$O1$$)
                  000057e8    00000101                                   : ctype.c.obj (.const:.string:_ctypes_)
                  000058e9    00000004     lcd.obj (.const:.string:lineAddress$1)
                  000058ed    00000003     --HOLE-- [fill = 0]
                  000058f0    00000080     rtsv7M4_T_le_v4SPD16_eabi.lib : k_tan.c.obj (.const:xxx)
                  00005970    0000000f     open_interface.obj (.const:.string:$P$T0$3)
                  0000597f    00000004     lcd.obj (.const:.string:lineAddresses$2)

.cinit     0    00005988    00000058     
                  00005988    0000001f     (.cinit..data.load) [load image, compression = lzss]
                  000059a7    00000001     --HOLE-- [fill = 0]
                  000059a8    0000000c     (__TI_handler_table)
                  000059b4    00000004     --HOLE-- [fill = 0]
                  000059b8    00000008     (.cinit..bss.load) [load image, compression = zero_init]
                  000059c0    00000008     (.cinit..vtable.load) [load image, compression = zero_init]
                  000059c8    00000018     (__TI_cinit_table)

.init_array 
*          0    00000000    00000000     UNINITIALIZED

.vtable    0    20000000    0000026c     UNINITIALIZED
                  20000000    0000026c     driverlib.lib : interrupt.obj (.vtable)

.stack     0    20000270    00001000     UNINITIALIZED
                  20000270    00000004     rtsv7M4_T_le_v4SPD16_eabi.lib : boot_cortex_m.c.obj (.stack)
                  20000274    00000ffc     --HOLE--

.sysmem    0    20001270    00001000     UNINITIALIZED
                  20001270    00000010     rtsv7M4_T_le_v4SPD16_eabi.lib : memory.c.obj (.sysmem)
                  20001280    00000ff0     --HOLE--

.bss       0    20002270    000003d1     UNINITIALIZED
                  20002270    000002d0     (.common:array)
                  20002540    00000054     lcd.obj (.bss:lastbuffer$3)
                  20002594    00000028     (.common:ang)
                  200025bc    00000028     (.common:dist)
                  200025e4    00000028     (.common:widths)
                  2000260c    00000018     open_interface.obj (.bss:firmware$2)
                  20002624    00000004     (.common:_timeout_ticks)
                  20002628    00000004     (.common:fallingEdge)
                  2000262c    00000004     (.common:isr_int_value)
                  20002630    00000004     (.common:left_calibration_value)
                  20002634    00000004     (.common:pulseLength)
                  20002638    00000004     (.common:right_calibration_value)
                  2000263c    00000004     (.common:risingEdge)
                  20002640    00000001     (.common:isRisingEdge)

.data      0    20002644    00000049     UNINITIALIZED
                  20002644    00000020     open_interface.obj (.data)
                  20002664    00000008     rtsv7M4_T_le_v4SPD16_eabi.lib : _lock.c.obj (.data:$O1$$)
                  2000266c    00000008                                   : memory.c.obj (.data:$O1$$)
                  20002674    00000008     lab7_template.obj (.data)
                  2000267c    00000008     uart-interrupt.obj (.data)
                  20002684    00000004     libcybotScan.lib : cyBot_Scan.obj (.data)
                  20002688    00000004     rtsv7M4_T_le_v4SPD16_eabi.lib : errno.c.obj (.data)
                  2000268c    00000001     Timer.obj (.data)

__llvm_prf_cnts 
*          0    20000000    00000000     UNINITIALIZED

MODULE SUMMARY

       Module                         code    ro data   rw data
       ------                         ----    -------   -------
    .\
       open_interface.obj             3128    15        56     
       lab7_template.obj              976     0         856    
       lcd.obj                        824     8         84     
       tm4c123gh6pm_startup_ccs.obj   12      620       0      
       Timer.obj                      584     0         5      
       movement.obj                   580     0         0      
       uart-interrupt.obj             356     0         8      
       uart.obj                       332     0         0      
    +--+------------------------------+-------+---------+---------+
       Total:                         6792    643       1009   
                                                               
    ../libcybotScan.lib
       cyBot_Scan.obj                 608     0         4      
       ping.obj                       492     0         13     
       servo.obj                      344     0         0      
       ir.obj                         280     0         4      
    +--+------------------------------+-------+---------+---------+
       Total:                         1724    0         21     
                                                               
    C:/ti/TivaWare_C_Series-2.2.0.295/driverlib/ccs/Debug/driverlib.lib
       interrupt.obj                  68      0         620    
       cpu.obj                        12      0         0      
    +--+------------------------------+-------+---------+---------+
       Total:                         80      0         620    
                                                               
    C:\ti\ccs1230\ccs\tools\compiler\ti-cgt-arm_20.2.7.LTS\lib\rtsv7M4_T_le_v4SPD16_eabi.lib
       _printfi.c.obj                 4851    0         0      
       k_rem_pio2.c.obj               1848    344       0      
       s_tan.c.obj                    1288    0         0      
       k_tan.c.obj                    796     128       0      
       memory.c.obj                   728     0         8      
       fd_add_t2.asm.obj              438     0         0      
       fd_div_t2.asm.obj              310     0         0      
       s_scalbn.c.obj                 272     0         0      
       fd_cmp_t2.asm.obj              268     0         0      
       ctype.c.obj                    0       257       0      
       fd_mul_t2.asm.obj              252     0         0      
       s_floor.c.obj                  248     0         0      
       memcpy_t2.asm.obj              156     0         0      
       ull_div_t2.asm.obj             150     0         0      
       vsnprintf.c.obj                136     0         0      
       memset_t2.asm.obj              122     0         0      
       fd_tos_t2.asm.obj              110     0         0      
       copy_decompress_lzss.c.obj     104     0         0      
       s_frexp.c.obj                  100     0         0      
       sprintf.c.obj                  98      0         0      
       _ltoa.c.obj                    84      0         0      
       atoi.c.obj                     76      0         0      
       fd_toi_t2.asm.obj              72      0         0      
       autoinit.c.obj                 68      0         0      
       fs_tod_t2.asm.obj              56      0         0      
       boot_cortex_m.c.obj            52      0         0      
       i_tofd_t2.asm.obj              46      0         0      
       memccpy.c.obj                  28      0         0      
       s_copysign.c.obj               26      0         0      
       strcmp.c.obj                   24      0         0      
       strchr.c.obj                   22      0         0      
       strcpy.c.obj                   20      0         0      
       strlen.c.obj                   20      0         0      
       wcslen.c.obj                   18      0         0      
       copy_decompress_none.c.obj     14      0         0      
       copy_zero_init.c.obj           12      0         0      
       errno.c.obj                    8       0         4      
       _lock.c.obj                    2       0         8      
       exit.c.obj                     4       0         0      
       pre_init.c.obj                 4       0         0      
       div0.asm.obj                   2       0         0      
    +--+------------------------------+-------+---------+---------+
       Total:                         12933   729       20     
                                                               
       Heap:                          0       0         4096   
       Stack:                         0       0         4096   
       Linker Generated:              0       83        0      
    +--+------------------------------+-------+---------+---------+
       Grand Total:                   21529   1455      9862   


LINKER GENERATED COPY TABLES

__TI_cinit_table @ 000059c8 records: 3, size/record: 8, table size: 24
	.data: load addr=00005988, load size=0000001f bytes, run addr=20002644, run size=00000049 bytes, compression=lzss
	.bss: load addr=000059b8, load size=00000008 bytes, run addr=20002270, run size=000003d1 bytes, compression=zero_init
	.vtable: load addr=000059c0, load size=00000008 bytes, run addr=20000000, run size=0000026c bytes, compression=zero_init


LINKER GENERATED HANDLER TABLE

__TI_handler_table @ 000059a8 records: 3, size/record: 4, table size: 12
	index: 0, handler: __TI_zero_init
	index: 1, handler: __TI_decompress_lzss
	index: 2, handler: __TI_decompress_none


GLOBAL SYMBOLS: SORTED ALPHABETICALLY BY Name 

address   name                          
-------   ----                          
00004639  ADC0SS0_Handler               
0000568d  C$$EXIT                       
00005649  CPUcpsie                      
00000bc3  GPIOF_Handler                 
0000561b  IntMasterEnable               
00005429  IntRegister                   
00005661  ResetISR                      
0000397d  TIMER3B_Handler               
00003ec5  UART1_Handler                 
20001270  __STACK_END                   
00001000  __STACK_SIZE                  
20000470  __STACK_TOP                   
00001000  __SYSMEM_SIZE                 
000059c8  __TI_CINIT_Base               
000059e0  __TI_CINIT_Limit              
000059a8  __TI_Handler_Table_Base       
000059b4  __TI_Handler_Table_Limit      
000052b5  __TI_auto_init_nobinit_nopinit
00005059  __TI_decompress_lzss          
0000563b  __TI_decompress_none          
0000517b  __TI_ltoa                     
ffffffff  __TI_pprof_out_hndl           
00000e8d  __TI_printfi                  
ffffffff  __TI_prof_data_size           
ffffffff  __TI_prof_data_start          
00000000  __TI_static_base__            
00005655  __TI_zero_init                
00004d85  __aeabi_cdcmpeq               
00004d85  __aeabi_cdcmple               
00004e0b  __aeabi_cdrcmple              
00004feb  __aeabi_d2f                   
0000526d  __aeabi_d2iz                  
00003c53  __aeabi_dadd                  
00004345  __aeabi_ddiv                  
000048c9  __aeabi_dmul                  
00003c49  __aeabi_dsub                  
00005679  __aeabi_errno_addr            
000053f1  __aeabi_f2d                   
000054c1  __aeabi_i2d                   
00003dff  __aeabi_idiv0                 
00003dff  __aeabi_ldiv0                 
00004e91  __aeabi_memclr                
00004e91  __aeabi_memclr4               
00004e91  __aeabi_memclr8               
00004c53  __aeabi_memcpy                
00004c53  __aeabi_memcpy4               
00004c53  __aeabi_memcpy8               
00004e93  __aeabi_memset                
00004e93  __aeabi_memset4               
00004e93  __aeabi_memset8               
00004cef  __aeabi_uldivmod              
ffffffff  __binit__                     
ffffffff  __c_args__                    
000018dd  __kernel_rem_pio2             
00002c15  __kernel_tan                  
UNDEFED   __mpu_init                    
20000270  __stack                       
20000000  __start___llvm_prf_cnts       
20000000  __stop___llvm_prf_cnts        
0000545d  _c_int00_noargs               
000057e8  _ctypes_                      
20002664  _lock                         
000018db  _nop                          
2000268c  _running                      
20001270  _sys_memory                   
UNDEFED   _system_post_cinit            
00005689  _system_pre_init              
20002624  _timeout_ticks                
20002668  _unlock                       
0000568d  abort                         
000047c9  aligned_alloc                 
20002594  ang                           
20002270  array                         
00005221  atoi                          
ffffffff  binit                         
0000383f  bumpLeft                      
0000385b  bumpRight                     
000053b9  calloc                        
2000267c  command_byte                  
20002680  command_flag                  
00005551  copysign                      
00005551  copysignl                     
00003279  cyBOT_SERVO_cal               
00003207  cyBOT_Scan                    
000031af  cyBOT_init_Scan               
20002684  cyBOT_scan_features           
000031a1  cyBOT_scan_version            
200025bc  dist                          
0000256f  doScan                        
20002688  errno                         
20002628  fallingEdge                   
000027e9  findSmallestObject            
000049c5  floor                         
000049c5  floorl                        
00004abd  free                          
000050c1  frexp                         
000050c1  frexpl                        
20000000  g_pfnRAMVectors               
00000000  g_pfnVectors                  
0000097f  go_charge                     
0000464f  ir_enableInterrupt            
00004631  ir_getDistance                
00004609  ir_getValue                   
000045a1  ir_init                       
20002640  isRisingEdge                  
2000262c  isr_int_value                 
0000562b  lcd_clear                     
00002ac1  lcd_gotoLine                  
00002929  lcd_init                      
00002b27  lcd_printf                    
000029e9  lcd_putc                      
00002a21  lcd_puts                      
000028ed  lcd_reverseNibble             
00002a3f  lcd_sendCommand               
00002a7d  lcd_sendNibble                
00002ae9  lcd_setCursorPos              
000046b9  ldexp                         
000046b9  ldexpl                        
20002630  left_calibration_value        
0000251d  main                          
00005681  malloc                        
000047c9  memalign                      
00005535  memccpy                       
00004c53  memcpy                        
00004e99  memset                        
20002678  midPoint                      
20002644  motor_cal_factor_L            
20002648  motor_cal_factor_R            
0000371b  moveBack                      
00003649  move_forward                  
20002674  object                        
0000026d  oi_alloc                      
00000aa9  oi_checkFirmware              
000002c7  oi_close                      
00000279  oi_free                       
00000ded  oi_getMotorCalibrationLeft    
00000e01  oi_getMotorCalibrationRight   
000002b1  oi_init                       
00000289  oi_init_noupdate              
00000915  oi_loadSong                   
0000559b  oi_parseInt                   
0000032b  oi_parsePacket                
0000096b  oi_play_song                  
0000084b  oi_setLeds                    
00000db1  oi_setMotorCalibration        
0000088f  oi_setWheels                  
00000b51  oi_shutoff_init               
0000098d  oi_uartInit                   
00000a31  oi_uartReceive                
00000a77  oi_uartSendBuff               
00000a15  oi_uartSendChar               
00000a59  oi_uartSendStr                
000002d9  oi_update                     
000039cf  ping_getDistance              
0000388d  ping_init                     
00003913  ping_trigger                  
20002634  pulseLength                   
20002638  right_calibration_value       
2000263c  risingEdge                    
000046b9  scalbn                        
000046b9  scalbnl                       
00003f65  servo_init                    
00003ff5  servo_move                    
00004055  servo_setPWM                  
00003fe9  servo_stop                    
000052f9  sprintf                       
000055cb  strchr                        
000055b3  strcmp                        
000055e1  strcpy                        
000055f5  strlen                        
00002015  tan                           
00002015  tanl                          
0000351f  timer_getMicros               
000034c7  timer_getMillis               
00003401  timer_init                    
000034a3  timer_pause                   
000034b5  timer_resume                  
00003479  timer_stop                    
00003579  timer_waitMicros              
000035ab  timer_waitMillis              
00003789  turn                          
000040bd  uart_init                     
00003e01  uart_interrupt_init           
0000416b  uart_receive                  
0000417f  uart_receive_nonblocking      
0000414f  uart_sendChar                 
00004197  uart_sendStr                  
00005339  vsnprintf                     
00005609  wcslen                        
200025e4  widths                        


GLOBAL SYMBOLS: SORTED BY Symbol Address 

address   name                          
-------   ----                          
00000000  __TI_static_base__            
00000000  g_pfnVectors                  
0000026d  oi_alloc                      
00000279  oi_free                       
00000289  oi_init_noupdate              
000002b1  oi_init                       
000002c7  oi_close                      
000002d9  oi_update                     
0000032b  oi_parsePacket                
0000084b  oi_setLeds                    
0000088f  oi_setWheels                  
00000915  oi_loadSong                   
0000096b  oi_play_song                  
0000097f  go_charge                     
0000098d  oi_uartInit                   
00000a15  oi_uartSendChar               
00000a31  oi_uartReceive                
00000a59  oi_uartSendStr                
00000a77  oi_uartSendBuff               
00000aa9  oi_checkFirmware              
00000b51  oi_shutoff_init               
00000bc3  GPIOF_Handler                 
00000db1  oi_setMotorCalibration        
00000ded  oi_getMotorCalibrationLeft    
00000e01  oi_getMotorCalibrationRight   
00000e8d  __TI_printfi                  
00001000  __STACK_SIZE                  
00001000  __SYSMEM_SIZE                 
000018db  _nop                          
000018dd  __kernel_rem_pio2             
00002015  tan                           
00002015  tanl                          
0000251d  main                          
0000256f  doScan                        
000027e9  findSmallestObject            
000028ed  lcd_reverseNibble             
00002929  lcd_init                      
000029e9  lcd_putc                      
00002a21  lcd_puts                      
00002a3f  lcd_sendCommand               
00002a7d  lcd_sendNibble                
00002ac1  lcd_gotoLine                  
00002ae9  lcd_setCursorPos              
00002b27  lcd_printf                    
00002c15  __kernel_tan                  
000031a1  cyBOT_scan_version            
000031af  cyBOT_init_Scan               
00003207  cyBOT_Scan                    
00003279  cyBOT_SERVO_cal               
00003401  timer_init                    
00003479  timer_stop                    
000034a3  timer_pause                   
000034b5  timer_resume                  
000034c7  timer_getMillis               
0000351f  timer_getMicros               
00003579  timer_waitMicros              
000035ab  timer_waitMillis              
00003649  move_forward                  
0000371b  moveBack                      
00003789  turn                          
0000383f  bumpLeft                      
0000385b  bumpRight                     
0000388d  ping_init                     
00003913  ping_trigger                  
0000397d  TIMER3B_Handler               
000039cf  ping_getDistance              
00003c49  __aeabi_dsub                  
00003c53  __aeabi_dadd                  
00003dff  __aeabi_idiv0                 
00003dff  __aeabi_ldiv0                 
00003e01  uart_interrupt_init           
00003ec5  UART1_Handler                 
00003f65  servo_init                    
00003fe9  servo_stop                    
00003ff5  servo_move                    
00004055  servo_setPWM                  
000040bd  uart_init                     
0000414f  uart_sendChar                 
0000416b  uart_receive                  
0000417f  uart_receive_nonblocking      
00004197  uart_sendStr                  
00004345  __aeabi_ddiv                  
000045a1  ir_init                       
00004609  ir_getValue                   
00004631  ir_getDistance                
00004639  ADC0SS0_Handler               
0000464f  ir_enableInterrupt            
000046b9  ldexp                         
000046b9  ldexpl                        
000046b9  scalbn                        
000046b9  scalbnl                       
000047c9  aligned_alloc                 
000047c9  memalign                      
000048c9  __aeabi_dmul                  
000049c5  floor                         
000049c5  floorl                        
00004abd  free                          
00004c53  __aeabi_memcpy                
00004c53  __aeabi_memcpy4               
00004c53  __aeabi_memcpy8               
00004c53  memcpy                        
00004cef  __aeabi_uldivmod              
00004d85  __aeabi_cdcmpeq               
00004d85  __aeabi_cdcmple               
00004e0b  __aeabi_cdrcmple              
00004e91  __aeabi_memclr                
00004e91  __aeabi_memclr4               
00004e91  __aeabi_memclr8               
00004e93  __aeabi_memset                
00004e93  __aeabi_memset4               
00004e93  __aeabi_memset8               
00004e99  memset                        
00004feb  __aeabi_d2f                   
00005059  __TI_decompress_lzss          
000050c1  frexp                         
000050c1  frexpl                        
0000517b  __TI_ltoa                     
00005221  atoi                          
0000526d  __aeabi_d2iz                  
000052b5  __TI_auto_init_nobinit_nopinit
000052f9  sprintf                       
00005339  vsnprintf                     
000053b9  calloc                        
000053f1  __aeabi_f2d                   
00005429  IntRegister                   
0000545d  _c_int00_noargs               
000054c1  __aeabi_i2d                   
00005535  memccpy                       
00005551  copysign                      
00005551  copysignl                     
0000559b  oi_parseInt                   
000055b3  strcmp                        
000055cb  strchr                        
000055e1  strcpy                        
000055f5  strlen                        
00005609  wcslen                        
0000561b  IntMasterEnable               
0000562b  lcd_clear                     
0000563b  __TI_decompress_none          
00005649  CPUcpsie                      
00005655  __TI_zero_init                
00005661  ResetISR                      
00005679  __aeabi_errno_addr            
00005681  malloc                        
00005689  _system_pre_init              
0000568d  C$$EXIT                       
0000568d  abort                         
000057e8  _ctypes_                      
000059a8  __TI_Handler_Table_Base       
000059b4  __TI_Handler_Table_Limit      
000059c8  __TI_CINIT_Base               
000059e0  __TI_CINIT_Limit              
20000000  __start___llvm_prf_cnts       
20000000  __stop___llvm_prf_cnts        
20000000  g_pfnRAMVectors               
20000270  __stack                       
20000470  __STACK_TOP                   
20001270  __STACK_END                   
20001270  _sys_memory                   
20002270  array                         
20002594  ang                           
200025bc  dist                          
200025e4  widths                        
20002624  _timeout_ticks                
20002628  fallingEdge                   
2000262c  isr_int_value                 
20002630  left_calibration_value        
20002634  pulseLength                   
20002638  right_calibration_value       
2000263c  risingEdge                    
20002640  isRisingEdge                  
20002644  motor_cal_factor_L            
20002648  motor_cal_factor_R            
20002664  _lock                         
20002668  _unlock                       
20002674  object                        
20002678  midPoint                      
2000267c  command_byte                  
20002680  command_flag                  
20002684  cyBOT_scan_features           
20002688  errno                         
2000268c  _running                      
ffffffff  __TI_pprof_out_hndl           
ffffffff  __TI_prof_data_size           
ffffffff  __TI_prof_data_start          
ffffffff  __binit__                     
ffffffff  __c_args__                    
ffffffff  binit                         
UNDEFED   __mpu_init                    
UNDEFED   _system_post_cinit            

[190 symbols]
