******************************************************************************
                  TI ARM Linker PC v20.2.7                     
******************************************************************************
>> Linked Thu Mar 28 10:46:44 2024

OUTPUT FILE NAME:   <Lab8.out>
ENTRY POINT SYMBOL: "_c_int00_noargs"  address: 00005089


MEMORY CONFIGURATION

         name            origin    length      used     unused   attr    fill
----------------------  --------  ---------  --------  --------  ----  --------
  FLASH                 00000000   00040000  00005467  0003ab99  R  X
  SRAM                  20000000   00008000  0000232e  00005cd2  RW X


SEGMENT ALLOCATION MAP

run origin  load origin   length   init length attrs members
----------  ----------- ---------- ----------- ----- -------
00000000    00000000    00005470   00005470    r-x
  00000000    00000000    0000026c   0000026c    r-- .intvecs
  0000026c    0000026c    00005060   00005060    r-x .text
  000052d0    000052d0    0000014b   0000014b    r-- .const
  00005420    00005420    00000050   00000050    r-- .cinit
20000000    20000000    00002335   00000000    rw-
  20000000    20000000    0000026c   00000000    rw- .vtable
  20000270    20000270    00001000   00000000    rw- .stack
  20001270    20001270    00001000   00000000    rw- .sysmem
  20002270    20002270    00000089   00000000    rw- .bss
  200022fc    200022fc    00000039   00000000    rw- .data


SECTION ALLOCATION MAP

 output                                  attributes/
section   page    origin      length       input sections
--------  ----  ----------  ----------   ----------------
.intvecs   0    00000000    0000026c     
                  00000000    0000026c     tm4c123gh6pm_startup_ccs.obj (.intvecs)

.text      0    0000026c    00005060     
                  0000026c    00000c20     open_interface.obj (.text)
                  00000e8c    00000a4e     rtsv7M4_T_le_v4SPD16_eabi.lib : _printfi.c.obj (.text:__TI_printfi)
                  000018da    00000002                                   : _lock.c.obj (.text:_nop)
                  000018dc    000009d0                                   : e_pow.c.obj (.text:pow)
                  000022ac    000005d8     lab8.obj (.text)
                  00002884    00000328     lcd.obj (.text)
                  00002bac    00000270     rtsv7M4_T_le_v4SPD16_eabi.lib : _printfi.c.obj (.text:_pconv_a)
                  00002e1c    00000260     libcybotScan.lib : cyBot_Scan.obj (.text)
                  0000307c    00000248     Timer.obj (.text)
                  000032c4    00000244     movement.obj (.text)
                  00003508    000001ec     libcybotScan.lib : ping.obj (.text)
                  000036f4    000001d0     rtsv7M4_T_le_v4SPD16_eabi.lib : _printfi.c.obj (.text:_pconv_g)
                  000038c4    000001b6                                   : fd_add_t2.asm.obj (.text)
                  00003a7a    00000002                                   : div0.asm.obj (.text)
                  00003a7c    00000158     libcybotScan.lib : servo.obj (.text)
                  00003bd4    00000158     rtsv7M4_T_le_v4SPD16_eabi.lib : e_sqrt.c.obj (.text:sqrt)
                  00003d2c    0000014c     uart.obj (.text)
                  00003e78    0000013c     rtsv7M4_T_le_v4SPD16_eabi.lib : _printfi.c.obj (.text:_pconv_e)
                  00003fb4    00000136                                   : fd_div_t2.asm.obj (.text)
                  000040ea    00000002     --HOLE-- [fill = 0]
                  000040ec    00000124                                   : _printfi.c.obj (.text:fcvt)
                  00004210    00000118     libcybotScan.lib : ir.obj (.text)
                  00004328    00000110     rtsv7M4_T_le_v4SPD16_eabi.lib : s_scalbn.c.obj (.text:scalbn)
                  00004438    00000100                                   : memory.c.obj (.text:aligned_alloc)
                  00004538    000000fc                                   : fd_mul_t2.asm.obj (.text)
                  00004634    000000e4                                   : memory.c.obj (.text:free)
                  00004718    000000b4     adc.obj (.text)
                  000047cc    000000b1     rtsv7M4_T_le_v4SPD16_eabi.lib : _printfi.c.obj (.text:_ltostr)
                  0000487d    00000001     --HOLE-- [fill = 0]
                  0000487e    0000009c                                   : memcpy_t2.asm.obj (.text)
                  0000491a    00000096                                   : ull_div_t2.asm.obj (.text)
                  000049b0    00000086                                   : fd_cmp_t2.asm.obj (.text:__aeabi_cdcmple)
                  00004a36    00000086                                   : fd_cmp_t2.asm.obj (.text:__aeabi_cdrcmple)
                  00004abc    0000007a                                   : memset_t2.asm.obj (.text)
                  00004b36    00000002     --HOLE-- [fill = 0]
                  00004b38    00000070                                   : memory.c.obj (.text:split)
                  00004ba8    0000006e                                   : _printfi.c.obj (.text:_mcpy)
                  00004c16    0000006e                                   : fd_tos_t2.asm.obj (.text)
                  00004c84    00000068                                   : copy_decompress_lzss.c.obj (.text:decompress:lzss:__TI_decompress_lzss)
                  00004cec    00000064                                   : s_frexp.c.obj (.text:frexp)
                  00004d50    00000056                                   : _printfi.c.obj (.text:_pconv_f)
                  00004da6    00000054                                   : _ltoa.c.obj (.text:__TI_ltoa)
                  00004dfa    00000052                                   : _printfi.c.obj (.text:_ecpy)
                  00004e4c    0000004c                                   : atoi.c.obj (.text:atoi)
                  00004e98    00000048                                   : fd_toi_t2.asm.obj (.text)
                  00004ee0    00000044                                   : autoinit.c.obj (.text:__TI_auto_init_nobinit_nopinit:__TI_auto_init_nobinit_nopinit)
                  00004f24    00000040                                   : sprintf.c.obj (.text:sprintf)
                  00004f64    00000040                                   : vsnprintf.c.obj (.text:vsnprintf)
                  00004fa4    0000003e                                   : _printfi.c.obj (.text:_fcpy)
                  00004fe2    00000002     --HOLE-- [fill = 0]
                  00004fe4    00000038                                   : memory.c.obj (.text:calloc)
                  0000501c    00000038                                   : fs_tod_t2.asm.obj (.text)
                  00005054    00000034     driverlib.lib : interrupt.obj (.text:IntRegister)
                  00005088    00000034     rtsv7M4_T_le_v4SPD16_eabi.lib : boot_cortex_m.c.obj (.text:_c_int00_noargs:_c_int00_noargs)
                  000050bc    00000030                                   : vsnprintf.c.obj (.text:_outs)
                  000050ec    0000002e                                   : i_tofd_t2.asm.obj (.text)
                  0000511a    00000002     --HOLE-- [fill = 0]
                  0000511c    00000028                                   : memory.c.obj (.text:free_list_insert)
                  00005144    0000001c                                   : copy_zero_init.c.obj (.text:decompress:ZI:__TI_zero_init_nomemset:__TI_zero_init_nomemset)
                  00005160    0000001c                                   : memory.c.obj (.text:free_list_remove)
                  0000517c    0000001c                                   : memccpy.c.obj (.text:memccpy)
                  00005198    0000001a                                   : s_copysign.c.obj (.text:copysign)
                  000051b2    00000018                                   : vsnprintf.c.obj (.text:_outc)
                  000051ca    00000018                                   : sprintf.c.obj (.text:_outs)
                  000051e2    00000018     open_interface.obj (.text:oi_parseInt)
                  000051fa    00000018     rtsv7M4_T_le_v4SPD16_eabi.lib : strcmp.c.obj (.text:strcmp)
                  00005212    00000016                                   : strchr.c.obj (.text:strchr)
                  00005228    00000014                                   : strcpy.c.obj (.text:strcpy)
                  0000523c    00000014                                   : strlen.c.obj (.text:strlen)
                  00005250    00000012                                   : wcslen.c.obj (.text:wcslen)
                  00005262    00000010     driverlib.lib : interrupt.obj (.text:IntMasterEnable)
                  00005272    00000010     lcd.obj (.text:lcd_clear)
                  00005282    0000000e     rtsv7M4_T_le_v4SPD16_eabi.lib : copy_decompress_none.c.obj (.text:decompress:none:__TI_decompress_none)
                  00005290    0000000c     driverlib.lib : cpu.obj (.text:CPUcpsie)
                  0000529c    0000000c     tm4c123gh6pm_startup_ccs.obj (.text)
                  000052a8    0000000a     rtsv7M4_T_le_v4SPD16_eabi.lib : sprintf.c.obj (.text:_outc)
                  000052b2    00000002     --HOLE-- [fill = 0]
                  000052b4    00000008                                   : errno.c.obj (.text:__aeabi_errno_addr)
                  000052bc    00000008                                   : memory.c.obj (.text:malloc)
                  000052c4    00000004                                   : pre_init.c.obj (.text:_system_pre_init)
                  000052c8    00000004                                   : exit.c.obj (.text:abort:abort)

.const     0    000052d0    0000014b     
                  000052d0    00000101     rtsv7M4_T_le_v4SPD16_eabi.lib : ctype.c.obj (.const:.string:_ctypes_)
                  000053d1    00000004     lcd.obj (.const:.string:lineAddress$1)
                  000053d5    00000003     --HOLE-- [fill = 0]
                  000053d8    00000030     rtsv7M4_T_le_v4SPD16_eabi.lib : e_pow.c.obj (.const:$O1$$)
                  00005408    0000000f     open_interface.obj (.const:.string:$P$T0$3)
                  00005417    00000004     lcd.obj (.const:.string:lineAddresses$2)

.cinit     0    00005420    00000050     
                  00005420    00000018     (.cinit..data.load) [load image, compression = lzss]
                  00005438    0000000c     (__TI_handler_table)
                  00005444    00000004     --HOLE-- [fill = 0]
                  00005448    00000008     (.cinit..bss.load) [load image, compression = zero_init]
                  00005450    00000008     (.cinit..vtable.load) [load image, compression = zero_init]
                  00005458    00000018     (__TI_cinit_table)

.init_array 
*          0    00000000    00000000     UNINITIALIZED

.vtable    0    20000000    0000026c     UNINITIALIZED
                  20000000    0000026c     driverlib.lib : interrupt.obj (.vtable)

.stack     0    20000270    00001000     UNINITIALIZED
                  20000270    00000004     rtsv7M4_T_le_v4SPD16_eabi.lib : boot_cortex_m.c.obj (.stack)
                  20000274    00000ffc     --HOLE--

.sysmem    0    20001270    00001000     UNINITIALIZED
                  20001270    00000010     rtsv7M4_T_le_v4SPD16_eabi.lib : memory.c.obj (.sysmem)
                  20001280    00000ff0     --HOLE--

.bss       0    20002270    00000089     UNINITIALIZED
                  20002270    00000054     lcd.obj (.bss:lastbuffer$3)
                  200022c4    00000018     open_interface.obj (.bss:firmware$2)
                  200022dc    00000004     (.common:_timeout_ticks)
                  200022e0    00000004     (.common:fallingEdge)
                  200022e4    00000004     (.common:isr_int_value)
                  200022e8    00000004     (.common:left_calibration_value)
                  200022ec    00000004     (.common:pulseLength)
                  200022f0    00000004     (.common:right_calibration_value)
                  200022f4    00000004     (.common:risingEdge)
                  200022f8    00000001     (.common:isRisingEdge)

.data      0    200022fc    00000039     UNINITIALIZED
                  200022fc    00000020     open_interface.obj (.data)
                  2000231c    00000008     rtsv7M4_T_le_v4SPD16_eabi.lib : _lock.c.obj (.data:$O1$$)
                  20002324    00000008                                   : memory.c.obj (.data:$O1$$)
                  2000232c    00000004     libcybotScan.lib : cyBot_Scan.obj (.data)
                  20002330    00000004     rtsv7M4_T_le_v4SPD16_eabi.lib : errno.c.obj (.data)
                  20002334    00000001     Timer.obj (.data)

__llvm_prf_cnts 
*          0    20000000    00000000     UNINITIALIZED

MODULE SUMMARY

       Module                         code    ro data   rw data
       ------                         ----    -------   -------
    .\
       open_interface.obj             3128    15        56     
       lab8.obj                       1496    0         0      
       lcd.obj                        824     8         84     
       tm4c123gh6pm_startup_ccs.obj   12      620       0      
       Timer.obj                      584     0         5      
       movement.obj                   580     0         0      
       uart.obj                       332     0         0      
       adc.obj                        180     0         8      
    +--+------------------------------+-------+---------+---------+
       Total:                         7136    643       153    
                                                               
    ../libcybotScan.lib
       cyBot_Scan.obj                 608     0         4      
       ping.obj                       492     0         13     
       servo.obj                      344     0         0      
       ir.obj                         280     0         4      
    +--+------------------------------+-------+---------+---------+
       Total:                         1724    0         21     
                                                               
    C:/ti/TivaWare_C_Series-2.2.0.295/driverlib/ccs/Debug/driverlib.lib
       interrupt.obj                  68      0         620    
       cpu.obj                        12      0         0      
    +--+------------------------------+-------+---------+---------+
       Total:                         80      0         620    
                                                               
    C:\ti\ccs1230\ccs\tools\compiler\ti-cgt-arm_20.2.7.LTS\lib\rtsv7M4_T_le_v4SPD16_eabi.lib
       _printfi.c.obj                 4851    0         0      
       e_pow.c.obj                    2512    48        0      
       memory.c.obj                   728     0         8      
       fd_add_t2.asm.obj              438     0         0      
       e_sqrt.c.obj                   344     0         0      
       fd_div_t2.asm.obj              310     0         0      
       s_scalbn.c.obj                 272     0         0      
       fd_cmp_t2.asm.obj              268     0         0      
       ctype.c.obj                    0       257       0      
       fd_mul_t2.asm.obj              252     0         0      
       memcpy_t2.asm.obj              156     0         0      
       ull_div_t2.asm.obj             150     0         0      
       vsnprintf.c.obj                136     0         0      
       memset_t2.asm.obj              122     0         0      
       fd_tos_t2.asm.obj              110     0         0      
       copy_decompress_lzss.c.obj     104     0         0      
       s_frexp.c.obj                  100     0         0      
       sprintf.c.obj                  98      0         0      
       _ltoa.c.obj                    84      0         0      
       atoi.c.obj                     76      0         0      
       fd_toi_t2.asm.obj              72      0         0      
       autoinit.c.obj                 68      0         0      
       fs_tod_t2.asm.obj              56      0         0      
       boot_cortex_m.c.obj            52      0         0      
       i_tofd_t2.asm.obj              46      0         0      
       copy_zero_init.c.obj           28      0         0      
       memccpy.c.obj                  28      0         0      
       s_copysign.c.obj               26      0         0      
       strcmp.c.obj                   24      0         0      
       strchr.c.obj                   22      0         0      
       strcpy.c.obj                   20      0         0      
       strlen.c.obj                   20      0         0      
       wcslen.c.obj                   18      0         0      
       copy_decompress_none.c.obj     14      0         0      
       errno.c.obj                    8       0         4      
       _lock.c.obj                    2       0         8      
       exit.c.obj                     4       0         0      
       pre_init.c.obj                 4       0         0      
       div0.asm.obj                   2       0         0      
    +--+------------------------------+-------+---------+---------+
       Total:                         11625   305       20     
                                                               
       Heap:                          0       0         4096   
       Stack:                         0       0         4096   
       Linker Generated:              0       76        0      
    +--+------------------------------+-------+---------+---------+
       Grand Total:                   20565   1024      9006   


LINKER GENERATED COPY TABLES

__TI_cinit_table @ 00005458 records: 3, size/record: 8, table size: 24
	.data: load addr=00005420, load size=00000018 bytes, run addr=200022fc, run size=00000039 bytes, compression=lzss
	.bss: load addr=00005448, load size=00000008 bytes, run addr=20002270, run size=00000089 bytes, compression=zero_init
	.vtable: load addr=00005450, load size=00000008 bytes, run addr=20000000, run size=0000026c bytes, compression=zero_init


LINKER GENERATED HANDLER TABLE

__TI_handler_table @ 00005438 records: 3, size/record: 4, table size: 12
	index: 0, handler: __TI_zero_init
	index: 1, handler: __TI_decompress_lzss
	index: 2, handler: __TI_decompress_none


GLOBAL SYMBOLS: SORTED ALPHABETICALLY BY Name 

address   name                          
-------   ----                          
000042a9  ADC0SS0_Handler               
000052c9  C$$EXIT                       
00005291  CPUcpsie                      
00000bc3  GPIOF_Handler                 
00005263  IntMasterEnable               
00005055  IntRegister                   
0000529d  ResetISR                      
000035f9  TIMER3B_Handler               
20001270  __STACK_END                   
00001000  __STACK_SIZE                  
20000470  __STACK_TOP                   
00001000  __SYSMEM_SIZE                 
00005458  __TI_CINIT_Base               
00005470  __TI_CINIT_Limit              
00005438  __TI_Handler_Table_Base       
00005444  __TI_Handler_Table_Limit      
00004ee1  __TI_auto_init_nobinit_nopinit
00004c85  __TI_decompress_lzss          
00005283  __TI_decompress_none          
00004da7  __TI_ltoa                     
ffffffff  __TI_pprof_out_hndl           
00000e8d  __TI_printfi                  
ffffffff  __TI_prof_data_size           
ffffffff  __TI_prof_data_start          
00000000  __TI_static_base__            
00005145  __TI_zero_init_nomemset       
000049b1  __aeabi_cdcmpeq               
000049b1  __aeabi_cdcmple               
00004a37  __aeabi_cdrcmple              
00004c17  __aeabi_d2f                   
00004e99  __aeabi_d2iz                  
000038cf  __aeabi_dadd                  
00003fb5  __aeabi_ddiv                  
00004539  __aeabi_dmul                  
000038c5  __aeabi_dsub                  
000052b5  __aeabi_errno_addr            
0000501d  __aeabi_f2d                   
000050ed  __aeabi_i2d                   
00003a7b  __aeabi_idiv0                 
00003a7b  __aeabi_ldiv0                 
00004abd  __aeabi_memclr                
00004abd  __aeabi_memclr4               
00004abd  __aeabi_memclr8               
0000487f  __aeabi_memcpy                
0000487f  __aeabi_memcpy4               
0000487f  __aeabi_memcpy8               
00004abf  __aeabi_memset                
00004abf  __aeabi_memset4               
00004abf  __aeabi_memset8               
0000491b  __aeabi_uldivmod              
ffffffff  __binit__                     
ffffffff  __c_args__                    
UNDEFED   __mpu_init                    
20000270  __stack                       
20000000  __start___llvm_prf_cnts       
20000000  __stop___llvm_prf_cnts        
00005089  _c_int00_noargs               
000052d0  _ctypes_                      
2000231c  _lock                         
000018db  _nop                          
20002334  _running                      
20001270  _sys_memory                   
UNDEFED   _system_post_cinit            
000052c5  _system_pre_init              
200022dc  _timeout_ticks                
20002320  _unlock                       
000052c9  abort                         
00004719  adc_init                      
00004785  adc_read                      
00004439  aligned_alloc                 
00004e4d  atoi                          
ffffffff  binit                         
000034bb  bumpLeft                      
000034d7  bumpRight                     
00004fe5  calloc                        
00005199  copysign                      
00005199  copysignl                     
00002ef5  cyBOT_SERVO_cal               
00002e83  cyBOT_Scan                    
00002e2b  cyBOT_init_Scan               
2000232c  cyBOT_scan_features           
00002e1d  cyBOT_scan_version            
20002330  errno                         
200022e0  fallingEdge                   
00004635  free                          
00004ced  frexp                         
00004ced  frexpl                        
20000000  g_pfnRAMVectors               
00000000  g_pfnVectors                  
0000097f  go_charge                     
000042bf  ir_enableInterrupt            
000042a1  ir_getDistance                
00004279  ir_getValue                   
00004211  ir_init                       
200022f8  isRisingEdge                  
200022e4  isr_int_value                 
00005273  lcd_clear                     
00002a59  lcd_gotoLine                  
000028c1  lcd_init                      
00002abf  lcd_printf                    
00002981  lcd_putc                      
000029b9  lcd_puts                      
00002885  lcd_reverseNibble             
000029d7  lcd_sendCommand               
00002a15  lcd_sendNibble                
00002a81  lcd_setCursorPos              
00004329  ldexp                         
00004329  ldexpl                        
200022e8  left_calibration_value        
000022ad  main                          
000052bd  malloc                        
00004439  memalign                      
0000517d  memccpy                       
0000487f  memcpy                        
00004ac5  memset                        
200022fc  motor_cal_factor_L            
20002300  motor_cal_factor_R            
00003397  moveBack                      
000032c5  move_forward                  
0000026d  oi_alloc                      
00000aa9  oi_checkFirmware              
000002c7  oi_close                      
00000279  oi_free                       
00000ded  oi_getMotorCalibrationLeft    
00000e01  oi_getMotorCalibrationRight   
000002b1  oi_init                       
00000289  oi_init_noupdate              
00000915  oi_loadSong                   
000051e3  oi_parseInt                   
0000032b  oi_parsePacket                
0000096b  oi_play_song                  
0000084b  oi_setLeds                    
00000db1  oi_setMotorCalibration        
0000088f  oi_setWheels                  
00000b51  oi_shutoff_init               
0000098d  oi_uartInit                   
00000a31  oi_uartReceive                
00000a77  oi_uartSendBuff               
00000a15  oi_uartSendChar               
00000a59  oi_uartSendStr                
000002d9  oi_update                     
0000364b  ping_getDistance              
00003509  ping_init                     
0000358f  ping_trigger                  
000018dd  pow                           
000018dd  powl                          
200022ec  pulseLength                   
200022f0  right_calibration_value       
200022f4  risingEdge                    
00004329  scalbn                        
00004329  scalbnl                       
00003a7d  servo_init                    
00003b0d  servo_move                    
00003b6d  servo_setPWM                  
00003b01  servo_stop                    
00004f25  sprintf                       
00003bd5  sqrt                          
00003bd5  sqrtl                         
00005213  strchr                        
000051fb  strcmp                        
00005229  strcpy                        
0000523d  strlen                        
0000319b  timer_getMicros               
00003143  timer_getMillis               
0000307d  timer_init                    
0000311f  timer_pause                   
00003131  timer_resume                  
000030f5  timer_stop                    
000031f5  timer_waitMicros              
00003227  timer_waitMillis              
00003405  turn                          
00003d2d  uart_init                     
00003ddb  uart_receive                  
00003def  uart_receive_nonblocking      
00003dbf  uart_sendChar                 
00003e07  uart_sendStr                  
00004f65  vsnprintf                     
00005251  wcslen                        


GLOBAL SYMBOLS: SORTED BY Symbol Address 

address   name                          
-------   ----                          
00000000  __TI_static_base__            
00000000  g_pfnVectors                  
0000026d  oi_alloc                      
00000279  oi_free                       
00000289  oi_init_noupdate              
000002b1  oi_init                       
000002c7  oi_close                      
000002d9  oi_update                     
0000032b  oi_parsePacket                
0000084b  oi_setLeds                    
0000088f  oi_setWheels                  
00000915  oi_loadSong                   
0000096b  oi_play_song                  
0000097f  go_charge                     
0000098d  oi_uartInit                   
00000a15  oi_uartSendChar               
00000a31  oi_uartReceive                
00000a59  oi_uartSendStr                
00000a77  oi_uartSendBuff               
00000aa9  oi_checkFirmware              
00000b51  oi_shutoff_init               
00000bc3  GPIOF_Handler                 
00000db1  oi_setMotorCalibration        
00000ded  oi_getMotorCalibrationLeft    
00000e01  oi_getMotorCalibrationRight   
00000e8d  __TI_printfi                  
00001000  __STACK_SIZE                  
00001000  __SYSMEM_SIZE                 
000018db  _nop                          
000018dd  pow                           
000018dd  powl                          
000022ad  main                          
00002885  lcd_reverseNibble             
000028c1  lcd_init                      
00002981  lcd_putc                      
000029b9  lcd_puts                      
000029d7  lcd_sendCommand               
00002a15  lcd_sendNibble                
00002a59  lcd_gotoLine                  
00002a81  lcd_setCursorPos              
00002abf  lcd_printf                    
00002e1d  cyBOT_scan_version            
00002e2b  cyBOT_init_Scan               
00002e83  cyBOT_Scan                    
00002ef5  cyBOT_SERVO_cal               
0000307d  timer_init                    
000030f5  timer_stop                    
0000311f  timer_pause                   
00003131  timer_resume                  
00003143  timer_getMillis               
0000319b  timer_getMicros               
000031f5  timer_waitMicros              
00003227  timer_waitMillis              
000032c5  move_forward                  
00003397  moveBack                      
00003405  turn                          
000034bb  bumpLeft                      
000034d7  bumpRight                     
00003509  ping_init                     
0000358f  ping_trigger                  
000035f9  TIMER3B_Handler               
0000364b  ping_getDistance              
000038c5  __aeabi_dsub                  
000038cf  __aeabi_dadd                  
00003a7b  __aeabi_idiv0                 
00003a7b  __aeabi_ldiv0                 
00003a7d  servo_init                    
00003b01  servo_stop                    
00003b0d  servo_move                    
00003b6d  servo_setPWM                  
00003bd5  sqrt                          
00003bd5  sqrtl                         
00003d2d  uart_init                     
00003dbf  uart_sendChar                 
00003ddb  uart_receive                  
00003def  uart_receive_nonblocking      
00003e07  uart_sendStr                  
00003fb5  __aeabi_ddiv                  
00004211  ir_init                       
00004279  ir_getValue                   
000042a1  ir_getDistance                
000042a9  ADC0SS0_Handler               
000042bf  ir_enableInterrupt            
00004329  ldexp                         
00004329  ldexpl                        
00004329  scalbn                        
00004329  scalbnl                       
00004439  aligned_alloc                 
00004439  memalign                      
00004539  __aeabi_dmul                  
00004635  free                          
00004719  adc_init                      
00004785  adc_read                      
0000487f  __aeabi_memcpy                
0000487f  __aeabi_memcpy4               
0000487f  __aeabi_memcpy8               
0000487f  memcpy                        
0000491b  __aeabi_uldivmod              
000049b1  __aeabi_cdcmpeq               
000049b1  __aeabi_cdcmple               
00004a37  __aeabi_cdrcmple              
00004abd  __aeabi_memclr                
00004abd  __aeabi_memclr4               
00004abd  __aeabi_memclr8               
00004abf  __aeabi_memset                
00004abf  __aeabi_memset4               
00004abf  __aeabi_memset8               
00004ac5  memset                        
00004c17  __aeabi_d2f                   
00004c85  __TI_decompress_lzss          
00004ced  frexp                         
00004ced  frexpl                        
00004da7  __TI_ltoa                     
00004e4d  atoi                          
00004e99  __aeabi_d2iz                  
00004ee1  __TI_auto_init_nobinit_nopinit
00004f25  sprintf                       
00004f65  vsnprintf                     
00004fe5  calloc                        
0000501d  __aeabi_f2d                   
00005055  IntRegister                   
00005089  _c_int00_noargs               
000050ed  __aeabi_i2d                   
00005145  __TI_zero_init_nomemset       
0000517d  memccpy                       
00005199  copysign                      
00005199  copysignl                     
000051e3  oi_parseInt                   
000051fb  strcmp                        
00005213  strchr                        
00005229  strcpy                        
0000523d  strlen                        
00005251  wcslen                        
00005263  IntMasterEnable               
00005273  lcd_clear                     
00005283  __TI_decompress_none          
00005291  CPUcpsie                      
0000529d  ResetISR                      
000052b5  __aeabi_errno_addr            
000052bd  malloc                        
000052c5  _system_pre_init              
000052c9  C$$EXIT                       
000052c9  abort                         
000052d0  _ctypes_                      
00005438  __TI_Handler_Table_Base       
00005444  __TI_Handler_Table_Limit      
00005458  __TI_CINIT_Base               
00005470  __TI_CINIT_Limit              
20000000  __start___llvm_prf_cnts       
20000000  __stop___llvm_prf_cnts        
20000000  g_pfnRAMVectors               
20000270  __stack                       
20000470  __STACK_TOP                   
20001270  __STACK_END                   
20001270  _sys_memory                   
200022dc  _timeout_ticks                
200022e0  fallingEdge                   
200022e4  isr_int_value                 
200022e8  left_calibration_value        
200022ec  pulseLength                   
200022f0  right_calibration_value       
200022f4  risingEdge                    
200022f8  isRisingEdge                  
200022fc  motor_cal_factor_L            
20002300  motor_cal_factor_R            
2000231c  _lock                         
20002320  _unlock                       
2000232c  cyBOT_scan_features           
20002330  errno                         
20002334  _running                      
ffffffff  __TI_pprof_out_hndl           
ffffffff  __TI_prof_data_size           
ffffffff  __TI_prof_data_start          
ffffffff  __binit__                     
ffffffff  __c_args__                    
ffffffff  binit                         
UNDEFED   __mpu_init                    
UNDEFED   _system_post_cinit            

[178 symbols]
