******************************************************************************
                  TI ARM Linker PC v20.2.7                     
******************************************************************************
>> Linked Thu Apr  4 12:24:18 2024

OUTPUT FILE NAME:   <Lab9.out>
ENTRY POINT SYMBOL: "_c_int00_noargs"  address: 00002b75


MEMORY CONFIGURATION

         name            origin    length      used     unused   attr    fill
----------------------  --------  ---------  --------  --------  ----  --------
  FLASH                 00000000   00040000  00002ea9  0003d157  R  X
  SRAM                  20000000   00008000  000022e4  00005d1c  RW X


SEGMENT ALLOCATION MAP

run origin  load origin   length   init length attrs members
----------  ----------- ---------- ----------- ----- -------
00000000    00000000    00002eb0   00002eb0    r-x
  00000000    00000000    0000026c   0000026c    r-- .intvecs
  0000026c    0000026c    00002ae4   00002ae4    r-x .text
  00002d50    00002d50    00000109   00000109    r-- .const
  00002e60    00002e60    00000050   00000050    r-- .cinit
20000000    20000000    000022e8   00000000    rw-
  20000000    20000000    0000026c   00000000    rw- .vtable
  20000270    20000270    00001000   00000000    rw- .stack
  20001270    20001270    00001000   00000000    rw- .sysmem
  20002270    20002270    00000058   00000000    rw- .bss
  200022c8    200022c8    00000020   00000000    rw- .data


SECTION ALLOCATION MAP

 output                                  attributes/
section   page    origin      length       input sections
--------  ----  ----------  ----------   ----------------
.intvecs   0    00000000    0000026c     
                  00000000    0000026c     tm4c123gh6pm_startup_ccs.obj (.intvecs)

.text      0    0000026c    00002ae4     
                  0000026c    00000a4e     rtsv7M4_T_le_v4SPD16_eabi.lib : _printfi.c.obj (.text:__TI_printfi)
                  00000cba    00000002                                   : div0.asm.obj (.text)
                  00000cbc    00000328     lcd.obj (.text)
                  00000fe4    00000304     ping_template.obj (.text)
                  000012e8    00000270     rtsv7M4_T_le_v4SPD16_eabi.lib : _printfi.c.obj (.text:_pconv_a)
                  00001558    00000248     Timer.obj (.text)
                  000017a0    000001d0     rtsv7M4_T_le_v4SPD16_eabi.lib : _printfi.c.obj (.text:_pconv_g)
                  00001970    000001b6                                   : fd_add_t2.asm.obj (.text)
                  00001b26    00000002     --HOLE-- [fill = 0]
                  00001b28    00000164     uart-interrupt.obj (.text)
                  00001c8c    0000014c     uart.obj (.text)
                  00001dd8    0000013c     rtsv7M4_T_le_v4SPD16_eabi.lib : _printfi.c.obj (.text:_pconv_e)
                  00001f14    00000136                                   : fd_div_t2.asm.obj (.text)
                  0000204a    00000002     --HOLE-- [fill = 0]
                  0000204c    00000124                                   : _printfi.c.obj (.text:fcvt)
                  00002170    00000110                                   : s_scalbn.c.obj (.text:scalbn)
                  00002280    000000fc                                   : fd_mul_t2.asm.obj (.text)
                  0000237c    000000b1                                   : _printfi.c.obj (.text:_ltostr)
                  0000242d    00000001     --HOLE-- [fill = 0]
                  0000242e    0000009c                                   : memcpy_t2.asm.obj (.text)
                  000024ca    00000096                                   : ull_div_t2.asm.obj (.text)
                  00002560    00000086                                   : fd_cmp_t2.asm.obj (.text:__aeabi_cdcmple)
                  000025e6    00000086                                   : fd_cmp_t2.asm.obj (.text:__aeabi_cdrcmple)
                  0000266c    0000007a                                   : memset_t2.asm.obj (.text)
                  000026e6    0000006e                                   : _printfi.c.obj (.text:_mcpy)
                  00002754    00000068                                   : copy_decompress_lzss.c.obj (.text:decompress:lzss:__TI_decompress_lzss)
                  000027bc    00000064                                   : s_frexp.c.obj (.text:frexp)
                  00002820    00000056                                   : _printfi.c.obj (.text:_pconv_f)
                  00002876    00000054                                   : _ltoa.c.obj (.text:__TI_ltoa)
                  000028ca    00000052                                   : _printfi.c.obj (.text:_ecpy)
                  0000291c    00000052     lab9_template.obj (.text)
                  0000296e    00000002     --HOLE-- [fill = 0]
                  00002970    0000004c     rtsv7M4_T_le_v4SPD16_eabi.lib : atoi.c.obj (.text:atoi)
                  000029bc    00000048                                   : fd_toi_t2.asm.obj (.text)
                  00002a04    00000044                                   : autoinit.c.obj (.text:__TI_auto_init_nobinit_nopinit:__TI_auto_init_nobinit_nopinit)
                  00002a48    00000040                                   : sprintf.c.obj (.text:sprintf)
                  00002a88    00000040                                   : vsnprintf.c.obj (.text:vsnprintf)
                  00002ac8    0000003e                                   : _printfi.c.obj (.text:_fcpy)
                  00002b06    00000038                                   : fs_tod_t2.asm.obj (.text)
                  00002b3e    00000002     --HOLE-- [fill = 0]
                  00002b40    00000034     driverlib.lib : interrupt.obj (.text:IntRegister)
                  00002b74    00000034     rtsv7M4_T_le_v4SPD16_eabi.lib : boot_cortex_m.c.obj (.text:_c_int00_noargs:_c_int00_noargs)
                  00002ba8    00000030                                   : vsnprintf.c.obj (.text:_outs)
                  00002bd8    0000002e                                   : i_tofd_t2.asm.obj (.text)
                  00002c06    0000001c                                   : copy_zero_init.c.obj (.text:decompress:ZI:__TI_zero_init_nomemset:__TI_zero_init_nomemset)
                  00002c22    0000001c                                   : memccpy.c.obj (.text:memccpy)
                  00002c3e    0000001a                                   : s_copysign.c.obj (.text:copysign)
                  00002c58    00000018                                   : vsnprintf.c.obj (.text:_outc)
                  00002c70    00000018                                   : sprintf.c.obj (.text:_outs)
                  00002c88    00000018                                   : strcmp.c.obj (.text:strcmp)
                  00002ca0    00000016                                   : strchr.c.obj (.text:strchr)
                  00002cb6    00000014                                   : strcpy.c.obj (.text:strcpy)
                  00002cca    00000014                                   : strlen.c.obj (.text:strlen)
                  00002cde    00000012                                   : wcslen.c.obj (.text:wcslen)
                  00002cf0    00000010     driverlib.lib : interrupt.obj (.text:IntMasterEnable)
                  00002d00    00000010     lcd.obj (.text:lcd_clear)
                  00002d10    0000000e     rtsv7M4_T_le_v4SPD16_eabi.lib : copy_decompress_none.c.obj (.text:decompress:none:__TI_decompress_none)
                  00002d1e    0000000c     driverlib.lib : cpu.obj (.text:CPUcpsie)
                  00002d2a    0000000c     tm4c123gh6pm_startup_ccs.obj (.text)
                  00002d36    0000000a     rtsv7M4_T_le_v4SPD16_eabi.lib : sprintf.c.obj (.text:_outc)
                  00002d40    00000008                                   : errno.c.obj (.text:__aeabi_errno_addr)
                  00002d48    00000004                                   : pre_init.c.obj (.text:_system_pre_init)
                  00002d4c    00000004                                   : exit.c.obj (.text:abort:abort)

.const     0    00002d50    00000109     
                  00002d50    00000101     rtsv7M4_T_le_v4SPD16_eabi.lib : ctype.c.obj (.const:.string:_ctypes_)
                  00002e51    00000004     lcd.obj (.const:.string:lineAddress$1)
                  00002e55    00000004     lcd.obj (.const:.string:lineAddresses$2)

.cinit     0    00002e60    00000050     
                  00002e60    00000015     (.cinit..data.load) [load image, compression = lzss]
                  00002e75    00000003     --HOLE-- [fill = 0]
                  00002e78    0000000c     (__TI_handler_table)
                  00002e84    00000004     --HOLE-- [fill = 0]
                  00002e88    00000008     (.cinit..bss.load) [load image, compression = zero_init]
                  00002e90    00000008     (.cinit..vtable.load) [load image, compression = zero_init]
                  00002e98    00000018     (__TI_cinit_table)

.init_array 
*          0    00000000    00000000     UNINITIALIZED

.vtable    0    20000000    0000026c     UNINITIALIZED
                  20000000    0000026c     driverlib.lib : interrupt.obj (.vtable)

.stack     0    20000270    00001000     UNINITIALIZED
                  20000270    00000004     rtsv7M4_T_le_v4SPD16_eabi.lib : boot_cortex_m.c.obj (.stack)
                  20000274    00000ffc     --HOLE--

.sysmem    0    20001270    00001000     UNINITIALIZED
                  20001270    00000010     rtsv7M4_T_le_v4SPD16_eabi.lib : memory.c.obj (.sysmem)
                  20001280    00000ff0     --HOLE--

.bss       0    20002270    00000058     UNINITIALIZED
                  20002270    00000054     lcd.obj (.bss:lastbuffer$3)
                  200022c4    00000004     (.common:_timeout_ticks)

.data      0    200022c8    00000020     UNINITIALIZED
                  200022c8    00000011     ping_template.obj (.data)
                  200022d9    00000001     Timer.obj (.data)
                  200022da    00000002     --HOLE--
                  200022dc    00000008     uart-interrupt.obj (.data)
                  200022e4    00000004     rtsv7M4_T_le_v4SPD16_eabi.lib : errno.c.obj (.data)

__llvm_prf_cnts 
*          0    20000000    00000000     UNINITIALIZED

MODULE SUMMARY

       Module                         code    ro data   rw data
       ------                         ----    -------   -------
    .\
       lcd.obj                        824     8         84     
       ping_template.obj              772     0         17     
       tm4c123gh6pm_startup_ccs.obj   12      620       0      
       Timer.obj                      584     0         5      
       uart-interrupt.obj             356     0         8      
       uart.obj                       332     0         0      
       lab9_template.obj              82      0         0      
    +--+------------------------------+-------+---------+---------+
       Total:                         2962    628       114    
                                                               
    C:/ti/TivaWare_C_Series-2.2.0.295/driverlib/ccs/Debug/driverlib.lib
       interrupt.obj                  68      0         620    
       cpu.obj                        12      0         0      
    +--+------------------------------+-------+---------+---------+
       Total:                         80      0         620    
                                                               
    C:\ti\ccs1230\ccs\tools\compiler\ti-cgt-arm_20.2.7.LTS\lib\rtsv7M4_T_le_v4SPD16_eabi.lib
       _printfi.c.obj                 4851    0         0      
       fd_add_t2.asm.obj              438     0         0      
       fd_div_t2.asm.obj              310     0         0      
       s_scalbn.c.obj                 272     0         0      
       fd_cmp_t2.asm.obj              268     0         0      
       ctype.c.obj                    0       257       0      
       fd_mul_t2.asm.obj              252     0         0      
       memcpy_t2.asm.obj              156     0         0      
       ull_div_t2.asm.obj             150     0         0      
       vsnprintf.c.obj                136     0         0      
       memset_t2.asm.obj              122     0         0      
       copy_decompress_lzss.c.obj     104     0         0      
       s_frexp.c.obj                  100     0         0      
       sprintf.c.obj                  98      0         0      
       _ltoa.c.obj                    84      0         0      
       atoi.c.obj                     76      0         0      
       fd_toi_t2.asm.obj              72      0         0      
       autoinit.c.obj                 68      0         0      
       fs_tod_t2.asm.obj              56      0         0      
       boot_cortex_m.c.obj            52      0         0      
       i_tofd_t2.asm.obj              46      0         0      
       copy_zero_init.c.obj           28      0         0      
       memccpy.c.obj                  28      0         0      
       s_copysign.c.obj               26      0         0      
       strcmp.c.obj                   24      0         0      
       strchr.c.obj                   22      0         0      
       strcpy.c.obj                   20      0         0      
       strlen.c.obj                   20      0         0      
       wcslen.c.obj                   18      0         0      
       copy_decompress_none.c.obj     14      0         0      
       errno.c.obj                    8       0         4      
       exit.c.obj                     4       0         0      
       pre_init.c.obj                 4       0         0      
       div0.asm.obj                   2       0         0      
    +--+------------------------------+-------+---------+---------+
       Total:                         7929    257       4      
                                                               
       Heap:                          0       0         4096   
       Stack:                         0       0         4096   
       Linker Generated:              0       73        0      
    +--+------------------------------+-------+---------+---------+
       Grand Total:                   10971   958       8930   


LINKER GENERATED COPY TABLES

__TI_cinit_table @ 00002e98 records: 3, size/record: 8, table size: 24
	.data: load addr=00002e60, load size=00000015 bytes, run addr=200022c8, run size=00000020 bytes, compression=lzss
	.bss: load addr=00002e88, load size=00000008 bytes, run addr=20002270, run size=00000058 bytes, compression=zero_init
	.vtable: load addr=00002e90, load size=00000008 bytes, run addr=20000000, run size=0000026c bytes, compression=zero_init


LINKER GENERATED HANDLER TABLE

__TI_handler_table @ 00002e78 records: 3, size/record: 4, table size: 12
	index: 0, handler: __TI_zero_init
	index: 1, handler: __TI_decompress_lzss
	index: 2, handler: __TI_decompress_none


GLOBAL SYMBOLS: SORTED ALPHABETICALLY BY Name 

address   name                          
-------   ----                          
00002d4d  C$$EXIT                       
00002d1f  CPUcpsie                      
200022cc  END_TIME                      
00002cf1  IntMasterEnable               
00002b41  IntRegister                   
00002d2b  ResetISR                      
200022c8  START_TIME                    
200022d0  STATE                         
00001127  TIMER3B_Handler               
00001bed  UART1_Handler                 
20001270  __STACK_END                   
00001000  __STACK_SIZE                  
20000470  __STACK_TOP                   
00001000  __SYSMEM_SIZE                 
00002e98  __TI_CINIT_Base               
00002eb0  __TI_CINIT_Limit              
00002e78  __TI_Handler_Table_Base       
00002e84  __TI_Handler_Table_Limit      
00002a05  __TI_auto_init_nobinit_nopinit
00002755  __TI_decompress_lzss          
00002d11  __TI_decompress_none          
00002877  __TI_ltoa                     
ffffffff  __TI_pprof_out_hndl           
0000026d  __TI_printfi                  
ffffffff  __TI_prof_data_size           
ffffffff  __TI_prof_data_start          
00000000  __TI_static_base__            
00002c07  __TI_zero_init_nomemset       
00002561  __aeabi_cdcmpeq               
00002561  __aeabi_cdcmple               
000025e7  __aeabi_cdrcmple              
000029bd  __aeabi_d2iz                  
0000197b  __aeabi_dadd                  
00001f15  __aeabi_ddiv                  
00002281  __aeabi_dmul                  
00001971  __aeabi_dsub                  
00002d41  __aeabi_errno_addr            
00002b07  __aeabi_f2d                   
00002bd9  __aeabi_i2d                   
00000cbb  __aeabi_idiv0                 
00000cbb  __aeabi_ldiv0                 
0000266d  __aeabi_memclr                
0000266d  __aeabi_memclr4               
0000266d  __aeabi_memclr8               
0000242f  __aeabi_memcpy                
0000242f  __aeabi_memcpy4               
0000242f  __aeabi_memcpy8               
0000266f  __aeabi_memset                
0000266f  __aeabi_memset4               
0000266f  __aeabi_memset8               
000024cb  __aeabi_uldivmod              
ffffffff  __binit__                     
ffffffff  __c_args__                    
UNDEFED   __mpu_init                    
20000270  __stack                       
20000000  __start___llvm_prf_cnts       
20000000  __stop___llvm_prf_cnts        
00002b75  _c_int00_noargs               
00002d50  _ctypes_                      
200022d9  _running                      
20001270  _sys_memory                   
UNDEFED   _system_post_cinit            
00002d49  _system_pre_init              
200022c4  _timeout_ticks                
00002d4d  abort                         
00002971  atoi                          
ffffffff  binit                         
200022dc  command_byte                  
200022e0  command_flag                  
00002c3f  copysign                      
00002c3f  copysignl                     
200022d4  count                         
200022e4  errno                         
000027bd  frexp                         
000027bd  frexpl                        
20000000  g_pfnRAMVectors               
00000000  g_pfnVectors                  
200022d8  intflag                       
00002d01  lcd_clear                     
00000e91  lcd_gotoLine                  
00000cf9  lcd_init                      
00000ef7  lcd_printf                    
00000db9  lcd_putc                      
00000df1  lcd_puts                      
00000cbd  lcd_reverseNibble             
00000e0f  lcd_sendCommand               
00000e4d  lcd_sendNibble                
00000eb9  lcd_setCursorPos              
00002171  ldexp                         
00002171  ldexpl                        
0000291d  main                          
00002c23  memccpy                       
0000242f  memcpy                        
00002675  memset                        
00001167  ping_getDistance              
00000fe5  ping_init                     
0000109b  ping_trigger                  
00002171  scalbn                        
00002171  scalbnl                       
00002a49  sprintf                       
00002ca1  strchr                        
00002c89  strcmp                        
00002cb7  strcpy                        
00002ccb  strlen                        
00001677  timer_getMicros               
0000161f  timer_getMillis               
00001559  timer_init                    
000015fb  timer_pause                   
0000160d  timer_resume                  
000015d1  timer_stop                    
000016d1  timer_waitMicros              
00001703  timer_waitMillis              
00001c8d  uart_init                     
00001b29  uart_interrupt_init           
00001d3b  uart_receive                  
00001d4f  uart_receive_nonblocking      
00001d1f  uart_sendChar                 
00001d67  uart_sendStr                  
00002a89  vsnprintf                     
00002cdf  wcslen                        


GLOBAL SYMBOLS: SORTED BY Symbol Address 

address   name                          
-------   ----                          
00000000  __TI_static_base__            
00000000  g_pfnVectors                  
0000026d  __TI_printfi                  
00000cbb  __aeabi_idiv0                 
00000cbb  __aeabi_ldiv0                 
00000cbd  lcd_reverseNibble             
00000cf9  lcd_init                      
00000db9  lcd_putc                      
00000df1  lcd_puts                      
00000e0f  lcd_sendCommand               
00000e4d  lcd_sendNibble                
00000e91  lcd_gotoLine                  
00000eb9  lcd_setCursorPos              
00000ef7  lcd_printf                    
00000fe5  ping_init                     
00001000  __STACK_SIZE                  
00001000  __SYSMEM_SIZE                 
0000109b  ping_trigger                  
00001127  TIMER3B_Handler               
00001167  ping_getDistance              
00001559  timer_init                    
000015d1  timer_stop                    
000015fb  timer_pause                   
0000160d  timer_resume                  
0000161f  timer_getMillis               
00001677  timer_getMicros               
000016d1  timer_waitMicros              
00001703  timer_waitMillis              
00001971  __aeabi_dsub                  
0000197b  __aeabi_dadd                  
00001b29  uart_interrupt_init           
00001bed  UART1_Handler                 
00001c8d  uart_init                     
00001d1f  uart_sendChar                 
00001d3b  uart_receive                  
00001d4f  uart_receive_nonblocking      
00001d67  uart_sendStr                  
00001f15  __aeabi_ddiv                  
00002171  ldexp                         
00002171  ldexpl                        
00002171  scalbn                        
00002171  scalbnl                       
00002281  __aeabi_dmul                  
0000242f  __aeabi_memcpy                
0000242f  __aeabi_memcpy4               
0000242f  __aeabi_memcpy8               
0000242f  memcpy                        
000024cb  __aeabi_uldivmod              
00002561  __aeabi_cdcmpeq               
00002561  __aeabi_cdcmple               
000025e7  __aeabi_cdrcmple              
0000266d  __aeabi_memclr                
0000266d  __aeabi_memclr4               
0000266d  __aeabi_memclr8               
0000266f  __aeabi_memset                
0000266f  __aeabi_memset4               
0000266f  __aeabi_memset8               
00002675  memset                        
00002755  __TI_decompress_lzss          
000027bd  frexp                         
000027bd  frexpl                        
00002877  __TI_ltoa                     
0000291d  main                          
00002971  atoi                          
000029bd  __aeabi_d2iz                  
00002a05  __TI_auto_init_nobinit_nopinit
00002a49  sprintf                       
00002a89  vsnprintf                     
00002b07  __aeabi_f2d                   
00002b41  IntRegister                   
00002b75  _c_int00_noargs               
00002bd9  __aeabi_i2d                   
00002c07  __TI_zero_init_nomemset       
00002c23  memccpy                       
00002c3f  copysign                      
00002c3f  copysignl                     
00002c89  strcmp                        
00002ca1  strchr                        
00002cb7  strcpy                        
00002ccb  strlen                        
00002cdf  wcslen                        
00002cf1  IntMasterEnable               
00002d01  lcd_clear                     
00002d11  __TI_decompress_none          
00002d1f  CPUcpsie                      
00002d2b  ResetISR                      
00002d41  __aeabi_errno_addr            
00002d49  _system_pre_init              
00002d4d  C$$EXIT                       
00002d4d  abort                         
00002d50  _ctypes_                      
00002e78  __TI_Handler_Table_Base       
00002e84  __TI_Handler_Table_Limit      
00002e98  __TI_CINIT_Base               
00002eb0  __TI_CINIT_Limit              
20000000  __start___llvm_prf_cnts       
20000000  __stop___llvm_prf_cnts        
20000000  g_pfnRAMVectors               
20000270  __stack                       
20000470  __STACK_TOP                   
20001270  __STACK_END                   
20001270  _sys_memory                   
200022c4  _timeout_ticks                
200022c8  START_TIME                    
200022cc  END_TIME                      
200022d0  STATE                         
200022d4  count                         
200022d8  intflag                       
200022d9  _running                      
200022dc  command_byte                  
200022e0  command_flag                  
200022e4  errno                         
ffffffff  __TI_pprof_out_hndl           
ffffffff  __TI_prof_data_size           
ffffffff  __TI_prof_data_start          
ffffffff  __binit__                     
ffffffff  __c_args__                    
ffffffff  binit                         
UNDEFED   __mpu_init                    
UNDEFED   _system_post_cinit            

[120 symbols]
